2025-09-30T00:32:09.5443303Z Current runner version: '2.328.0'
2025-09-30T00:32:09.5467192Z ##[group]Runner Image Provisioner
2025-09-30T00:32:09.5467967Z Hosted Compute Agent
2025-09-30T00:32:09.5468427Z Version: 20250912.392
2025-09-30T00:32:09.5469001Z Commit: d921fda672a98b64f4f82364647e2f10b2267d0b
2025-09-30T00:32:09.5469618Z Build Date: 2025-09-12T15:23:14Z
2025-09-30T00:32:09.5470147Z ##[endgroup]
2025-09-30T00:32:09.5470616Z ##[group]Operating System
2025-09-30T00:32:09.5471155Z Microsoft Windows Server 2025
2025-09-30T00:32:09.5471668Z 10.0.26100
2025-09-30T00:32:09.5472387Z Datacenter
2025-09-30T00:32:09.5472823Z ##[endgroup]
2025-09-30T00:32:09.5473406Z ##[group]Runner Image
2025-09-30T00:32:09.5473907Z Image: windows-2025
2025-09-30T00:32:09.5474347Z Version: 20250921.36.1
2025-09-30T00:32:09.5475326Z Included Software: https://github.com/actions/runner-images/blob/win25/20250921.36/images/windows/Windows2025-Readme.md
2025-09-30T00:32:09.5476966Z Image Release: https://github.com/actions/runner-images/releases/tag/win25%2F20250921.36
2025-09-30T00:32:09.5477869Z ##[endgroup]
2025-09-30T00:32:09.5478873Z ##[group]GITHUB_TOKEN Permissions
2025-09-30T00:32:09.5480637Z Contents: read
2025-09-30T00:32:09.5481128Z Metadata: read
2025-09-30T00:32:09.5481586Z Packages: read
2025-09-30T00:32:09.5482005Z ##[endgroup]
2025-09-30T00:32:09.5484037Z Secret source: Actions
2025-09-30T00:32:09.5484652Z Prepare workflow directory
2025-09-30T00:32:09.5967452Z Prepare all required actions
2025-09-30T00:32:09.6005593Z Getting action download info
2025-09-30T00:32:09.8668299Z Download action repository 'actions/checkout@v4' (SHA:08eba0b27e820071cde6df949e0beb9ba4906955)
2025-09-30T00:32:09.9956791Z Download action repository 'dtolnay/rust-toolchain@stable' (SHA:5d458579430fc14a04a08a1e7d3694f545e91ce6)
2025-09-30T00:32:10.2089917Z Download action repository 'actions/cache@v4' (SHA:0057852bfaa89a56745cba8c7296529d2fc39830)
2025-09-30T00:32:10.6701037Z Download action repository 'actions/upload-artifact@v4' (SHA:ea165f8d65b6e75b540449e92b4886f43607fa02)
2025-09-30T00:32:11.0976803Z Complete job name: Build Windows
2025-09-30T00:32:11.3289884Z ##[group]Run actions/checkout@v4
2025-09-30T00:32:11.3291203Z with:
2025-09-30T00:32:11.3291875Z   repository: ilyk/mailapp
2025-09-30T00:32:11.3292911Z   token: ***
2025-09-30T00:32:11.3293589Z   ssh-strict: true
2025-09-30T00:32:11.3294282Z   ssh-user: git
2025-09-30T00:32:11.3294983Z   persist-credentials: true
2025-09-30T00:32:11.3295765Z   clean: true
2025-09-30T00:32:11.3296885Z   sparse-checkout-cone-mode: true
2025-09-30T00:32:11.3297763Z   fetch-depth: 1
2025-09-30T00:32:11.3298451Z   fetch-tags: false
2025-09-30T00:32:11.3299178Z   show-progress: true
2025-09-30T00:32:11.3299914Z   lfs: false
2025-09-30T00:32:11.3300587Z   submodules: false
2025-09-30T00:32:11.3301312Z   set-safe-directory: true
2025-09-30T00:32:11.3302331Z env:
2025-09-30T00:32:11.3302983Z   CARGO_TERM_COLOR: always
2025-09-30T00:32:11.3303745Z ##[endgroup]
2025-09-30T00:32:11.5400538Z Syncing repository: ilyk/mailapp
2025-09-30T00:32:11.5403696Z ##[group]Getting Git version info
2025-09-30T00:32:11.5405285Z Working directory is 'D:\a\mailapp\mailapp'
2025-09-30T00:32:11.6533940Z [command]"C:\Program Files\Git\bin\git.exe" version
2025-09-30T00:32:12.5896155Z git version 2.51.0.windows.1
2025-09-30T00:32:12.5951862Z ##[endgroup]
2025-09-30T00:32:12.5974891Z Temporarily overriding HOME='D:\a\_temp\3967a2d1-646a-4ed6-961f-dc758aa88b11' before making global git config changes
2025-09-30T00:32:12.5976362Z Adding repository directory to the temporary git global config as a safe directory
2025-09-30T00:32:12.5987307Z [command]"C:\Program Files\Git\bin\git.exe" config --global --add safe.directory D:\a\mailapp\mailapp
2025-09-30T00:32:12.7248988Z Deleting the contents of 'D:\a\mailapp\mailapp'
2025-09-30T00:32:12.7255719Z ##[group]Initializing the repository
2025-09-30T00:32:12.7266111Z [command]"C:\Program Files\Git\bin\git.exe" init D:\a\mailapp\mailapp
2025-09-30T00:32:12.8861328Z Initialized empty Git repository in D:/a/mailapp/mailapp/.git/
2025-09-30T00:32:12.8916700Z [command]"C:\Program Files\Git\bin\git.exe" remote add origin https://github.com/ilyk/mailapp
2025-09-30T00:32:12.9859201Z ##[endgroup]
2025-09-30T00:32:12.9859692Z ##[group]Disabling automatic garbage collection
2025-09-30T00:32:12.9873002Z [command]"C:\Program Files\Git\bin\git.exe" config --local gc.auto 0
2025-09-30T00:32:13.0187832Z ##[endgroup]
2025-09-30T00:32:13.0188473Z ##[group]Setting up auth
2025-09-30T00:32:13.0202921Z [command]"C:\Program Files\Git\bin\git.exe" config --local --name-only --get-regexp core\.sshCommand
2025-09-30T00:32:13.0505515Z [command]"C:\Program Files\Git\bin\git.exe" submodule foreach --recursive "sh -c \"git config --local --name-only --get-regexp 'core\.sshCommand' && git config --local --unset-all 'core.sshCommand' || :\""
2025-09-30T00:32:16.0887582Z [command]"C:\Program Files\Git\bin\git.exe" config --local --name-only --get-regexp http\.https\:\/\/github\.com\/\.extraheader
2025-09-30T00:32:16.1196778Z [command]"C:\Program Files\Git\bin\git.exe" submodule foreach --recursive "sh -c \"git config --local --name-only --get-regexp 'http\.https\:\/\/github\.com\/\.extraheader' && git config --local --unset-all 'http.https://github.com/.extraheader' || :\""
2025-09-30T00:32:16.6169834Z [command]"C:\Program Files\Git\bin\git.exe" config --local http.https://github.com/.extraheader "AUTHORIZATION: basic ***"
2025-09-30T00:32:16.6464974Z ##[endgroup]
2025-09-30T00:32:16.6465563Z ##[group]Fetching the repository
2025-09-30T00:32:16.6478085Z [command]"C:\Program Files\Git\bin\git.exe" -c protocol.version=2 fetch --no-tags --prune --no-recurse-submodules --depth=1 origin +bd08f7631db769e9bb91842e99dec9ab92237cae:refs/remotes/origin/main
2025-09-30T00:32:18.5833634Z From https://github.com/ilyk/mailapp
2025-09-30T00:32:18.5834359Z  * [new ref]         bd08f7631db769e9bb91842e99dec9ab92237cae -> origin/main
2025-09-30T00:32:18.6335193Z ##[endgroup]
2025-09-30T00:32:18.6335730Z ##[group]Determining the checkout info
2025-09-30T00:32:18.6339343Z ##[endgroup]
2025-09-30T00:32:18.6357060Z [command]"C:\Program Files\Git\bin\git.exe" sparse-checkout disable
2025-09-30T00:32:18.6955263Z [command]"C:\Program Files\Git\bin\git.exe" config --local --unset-all extensions.worktreeConfig
2025-09-30T00:32:18.7232163Z ##[group]Checking out the ref
2025-09-30T00:32:18.7242409Z [command]"C:\Program Files\Git\bin\git.exe" checkout --progress --force -B main refs/remotes/origin/main
2025-09-30T00:32:18.8665744Z branch 'main' set up to track 'origin/main'.
2025-09-30T00:32:18.8674350Z Switched to a new branch 'main'
2025-09-30T00:32:18.8711611Z ##[endgroup]
2025-09-30T00:32:18.9333671Z [command]"C:\Program Files\Git\bin\git.exe" log -1 --format=%H
2025-09-30T00:32:18.9633349Z bd08f7631db769e9bb91842e99dec9ab92237cae
2025-09-30T00:32:19.0096174Z ##[group]Run dtolnay/rust-toolchain@stable
2025-09-30T00:32:19.0096534Z with:
2025-09-30T00:32:19.0096705Z   toolchain: stable
2025-09-30T00:32:19.0096904Z env:
2025-09-30T00:32:19.0097057Z   CARGO_TERM_COLOR: always
2025-09-30T00:32:19.0097253Z ##[endgroup]
2025-09-30T00:32:19.0315368Z ##[group]Run : parse toolchain version
2025-09-30T00:32:19.0315871Z [36;1m: parse toolchain version[0m
2025-09-30T00:32:19.0316133Z [36;1mif [[ -z $toolchain ]]; then[0m
2025-09-30T00:32:19.0316745Z [36;1m  # GitHub does not enforce `required: true` inputs itself. https://github.com/actions/runner/issues/1070[0m
2025-09-30T00:32:19.0317498Z [36;1m  echo "'toolchain' is a required input" >&2[0m
2025-09-30T00:32:19.0317746Z [36;1m  exit 1[0m
2025-09-30T00:32:19.0318043Z [36;1melif [[ $toolchain =~ ^stable' '[0-9]+' '(year|month|week|day)s?' 'ago$ ]]; then[0m
2025-09-30T00:32:19.0318505Z [36;1m  if [[ Windows == macOS ]]; then[0m
2025-09-30T00:32:19.0319264Z [36;1m    echo "toolchain=1.$((($(date -v-$(sed 's/stable \([0-9]*\) \(.\).*/\1\2/' <<< $toolchain) +%s)/60/60/24-16569)/7/6))" >> $GITHUB_OUTPUT[0m
2025-09-30T00:32:19.0320053Z [36;1m  else[0m
2025-09-30T00:32:19.0321334Z [36;1m    echo "toolchain=1.$((($(date --date "${toolchain#stable }" +%s)/60/60/24-16569)/7/6))" >> $GITHUB_OUTPUT[0m
2025-09-30T00:32:19.0321986Z [36;1m  fi[0m
2025-09-30T00:32:19.0322294Z [36;1melif [[ $toolchain =~ ^stable' 'minus' '[0-9]+' 'releases?$ ]]; then[0m
2025-09-30T00:32:19.0322863Z [36;1m  echo "toolchain=1.$((($(date +%s)/60/60/24-16569)/7/6-${toolchain//[^0-9]/}))" >> $GITHUB_OUTPUT[0m
2025-09-30T00:32:19.0323510Z [36;1melif [[ $toolchain =~ ^1\.[0-9]+$ ]]; then[0m
2025-09-30T00:32:19.0323950Z [36;1m  echo "toolchain=1.$((i=${toolchain#1.}, c=($(date +%s)/60/60/24-16569)/7/6, i+9*i*(10*i<=c)+90*i*(100*i<=c)))" >> $GITHUB_OUTPUT[0m
2025-09-30T00:32:19.0324492Z [36;1melse[0m
2025-09-30T00:32:19.0324799Z [36;1m  echo "toolchain=$toolchain" >> $GITHUB_OUTPUT[0m
2025-09-30T00:32:19.0325222Z [36;1mfi[0m
2025-09-30T00:32:19.0345752Z shell: C:\Program Files\Git\bin\bash.EXE --noprofile --norc -e -o pipefail {0}
2025-09-30T00:32:19.0346334Z env:
2025-09-30T00:32:19.0346580Z   CARGO_TERM_COLOR: always
2025-09-30T00:32:19.0346854Z   toolchain: stable
2025-09-30T00:32:19.0347112Z ##[endgroup]
2025-09-30T00:32:19.4862170Z ##[group]Run : construct rustup command line
2025-09-30T00:32:19.4862473Z [36;1m: construct rustup command line[0m
2025-09-30T00:32:19.4862864Z [36;1mecho "targets=$(for t in ${targets//,/ }; do echo -n ' --target' $t; done)" >> $GITHUB_OUTPUT[0m
2025-09-30T00:32:19.4863381Z [36;1mecho "components=$(for c in ${components//,/ }; do echo -n ' --component' $c; done)" >> $GITHUB_OUTPUT[0m
2025-09-30T00:32:19.4863784Z [36;1mecho "downgrade=" >> $GITHUB_OUTPUT[0m
2025-09-30T00:32:19.4876432Z shell: C:\Program Files\Git\bin\bash.EXE --noprofile --norc -e -o pipefail {0}
2025-09-30T00:32:19.4876792Z env:
2025-09-30T00:32:19.4876960Z   CARGO_TERM_COLOR: always
2025-09-30T00:32:19.4877152Z   targets: 
2025-09-30T00:32:19.4877594Z   components: 
2025-09-30T00:32:19.4877767Z ##[endgroup]
2025-09-30T00:32:19.5654541Z ##[group]Run : set $CARGO_HOME
2025-09-30T00:32:19.5654801Z [36;1m: set $CARGO_HOME[0m
2025-09-30T00:32:19.5655099Z [36;1mecho CARGO_HOME=${CARGO_HOME:-"$USERPROFILE\.cargo"} >> $GITHUB_ENV[0m
2025-09-30T00:32:19.5667873Z shell: C:\Program Files\Git\bin\bash.EXE --noprofile --norc -e -o pipefail {0}
2025-09-30T00:32:19.5668228Z env:
2025-09-30T00:32:19.5668381Z   CARGO_TERM_COLOR: always
2025-09-30T00:32:19.5668575Z ##[endgroup]
2025-09-30T00:32:19.6197942Z ##[group]Run : install rustup if needed on windows
2025-09-30T00:32:19.6198343Z [36;1m: install rustup if needed on windows[0m
2025-09-30T00:32:19.6198856Z [36;1mif ! command -v rustup &>/dev/null; then[0m
2025-09-30T00:32:19.6201348Z [36;1m  curl --proto '=https' --tlsv1.2 --retry 10 --retry-connrefused --location --silent --show-error --fail https://win.rustup.rs/x86_64 --output 'D:\a\_temp\rustup-init.exe'[0m
2025-09-30T00:32:19.6202175Z [36;1m  'D:\a\_temp\rustup-init.exe' --default-toolchain none --no-modify-path -y[0m
2025-09-30T00:32:19.6202576Z [36;1m  echo "$CARGO_HOME\bin" >> $GITHUB_PATH[0m
2025-09-30T00:32:19.6202812Z [36;1mfi[0m
2025-09-30T00:32:19.6214932Z shell: C:\Program Files\Git\bin\bash.EXE --noprofile --norc -e -o pipefail {0}
2025-09-30T00:32:19.6215285Z env:
2025-09-30T00:32:19.6215439Z   CARGO_TERM_COLOR: always
2025-09-30T00:32:19.6215658Z   CARGO_HOME: C:\Users\runneradmin\.cargo
2025-09-30T00:32:19.6215882Z ##[endgroup]
2025-09-30T00:32:19.6823860Z ##[group]Run rustup toolchain install stable --profile minimal --no-self-update
2025-09-30T00:32:19.6824359Z [36;1mrustup toolchain install stable --profile minimal --no-self-update[0m
2025-09-30T00:32:19.6837089Z shell: C:\Program Files\Git\bin\bash.EXE --noprofile --norc -e -o pipefail {0}
2025-09-30T00:32:19.6837424Z env:
2025-09-30T00:32:19.6837597Z   CARGO_TERM_COLOR: always
2025-09-30T00:32:19.6837813Z   CARGO_HOME: C:\Users\runneradmin\.cargo
2025-09-30T00:32:19.6838035Z ##[endgroup]
2025-09-30T00:32:21.5566919Z info: syncing channel updates for 'stable-x86_64-pc-windows-msvc'
2025-09-30T00:32:22.8278034Z info: latest update on 2025-09-18, rust version 1.90.0 (1159e78c4 2025-09-14)
2025-09-30T00:32:22.8668372Z info: downloading component 'cargo'
2025-09-30T00:32:23.1436470Z info: downloading component 'rust-std'
2025-09-30T00:32:23.7855571Z info: downloading component 'rustc'
2025-09-30T00:32:25.6670806Z info: installing component 'cargo'
2025-09-30T00:32:26.7190444Z info: installing component 'rust-std'
2025-09-30T00:32:28.4217739Z info: installing component 'rustc'
2025-09-30T00:32:33.4890823Z 
2025-09-30T00:32:34.0686622Z   stable-x86_64-pc-windows-msvc installed - rustc 1.90.0 (1159e78c4 2025-09-14)
2025-09-30T00:32:34.0687636Z 
2025-09-30T00:32:34.0903693Z ##[group]Run rustup default stable
2025-09-30T00:32:34.0903946Z [36;1mrustup default stable[0m
2025-09-30T00:32:34.0917869Z shell: C:\Program Files\Git\bin\bash.EXE --noprofile --norc -e -o pipefail {0}
2025-09-30T00:32:34.0918221Z env:
2025-09-30T00:32:34.0918373Z   CARGO_TERM_COLOR: always
2025-09-30T00:32:34.0918655Z   CARGO_HOME: C:\Users\runneradmin\.cargo
2025-09-30T00:32:34.0919049Z ##[endgroup]
2025-09-30T00:32:34.1965641Z info: using existing install for 'stable-x86_64-pc-windows-msvc'
2025-09-30T00:32:34.2674977Z info: default toolchain set to 'stable-x86_64-pc-windows-msvc'
2025-09-30T00:32:34.2675320Z 
2025-09-30T00:32:34.2873324Z   stable-x86_64-pc-windows-msvc unchanged - rustc 1.90.0 (1159e78c4 2025-09-14)
2025-09-30T00:32:34.2873834Z 
2025-09-30T00:32:34.3088730Z ##[group]Run : create cachekey
2025-09-30T00:32:34.3088971Z [36;1m: create cachekey[0m
2025-09-30T00:32:34.3089395Z [36;1mDATE=$(rustc +stable --version --verbose | sed -ne 's/^commit-date: \(20[0-9][0-9]\)-\([01][0-9]\)-\([0-3][0-9]\)$/\1\2\3/p')[0m
2025-09-30T00:32:34.3089974Z [36;1mHASH=$(rustc +stable --version --verbose | sed -ne 's/^commit-hash: //p')[0m
2025-09-30T00:32:34.3090400Z [36;1mecho "cachekey=$(echo $DATE$HASH | head -c12)" >> $GITHUB_OUTPUT[0m
2025-09-30T00:32:34.3103367Z shell: C:\Program Files\Git\bin\bash.EXE --noprofile --norc -e -o pipefail {0}
2025-09-30T00:32:34.3103703Z env:
2025-09-30T00:32:34.3103854Z   CARGO_TERM_COLOR: always
2025-09-30T00:32:34.3104064Z   CARGO_HOME: C:\Users\runneradmin\.cargo
2025-09-30T00:32:34.3104285Z ##[endgroup]
2025-09-30T00:32:36.2286150Z ##[group]Run : disable incremental compilation
2025-09-30T00:32:36.2286460Z [36;1m: disable incremental compilation[0m
2025-09-30T00:32:36.2286737Z [36;1mif [ -z "${CARGO_INCREMENTAL+set}" ]; then[0m
2025-09-30T00:32:36.2287007Z [36;1m  echo CARGO_INCREMENTAL=0 >> $GITHUB_ENV[0m
2025-09-30T00:32:36.2287241Z [36;1mfi[0m
2025-09-30T00:32:36.2299193Z shell: C:\Program Files\Git\bin\bash.EXE --noprofile --norc -e -o pipefail {0}
2025-09-30T00:32:36.2299532Z env:
2025-09-30T00:32:36.2300398Z   CARGO_TERM_COLOR: always
2025-09-30T00:32:36.2300656Z   CARGO_HOME: C:\Users\runneradmin\.cargo
2025-09-30T00:32:36.2300894Z ##[endgroup]
2025-09-30T00:32:36.2896811Z ##[group]Run : enable colors in Cargo output
2025-09-30T00:32:36.2897112Z [36;1m: enable colors in Cargo output[0m
2025-09-30T00:32:36.2897379Z [36;1mif [ -z "${CARGO_TERM_COLOR+set}" ]; then[0m
2025-09-30T00:32:36.2897660Z [36;1m  echo CARGO_TERM_COLOR=always >> $GITHUB_ENV[0m
2025-09-30T00:32:36.2897896Z [36;1mfi[0m
2025-09-30T00:32:36.2910491Z shell: C:\Program Files\Git\bin\bash.EXE --noprofile --norc -e -o pipefail {0}
2025-09-30T00:32:36.2910832Z env:
2025-09-30T00:32:36.2910991Z   CARGO_TERM_COLOR: always
2025-09-30T00:32:36.2911202Z   CARGO_HOME: C:\Users\runneradmin\.cargo
2025-09-30T00:32:36.2911444Z   CARGO_INCREMENTAL: 0
2025-09-30T00:32:36.2911617Z ##[endgroup]
2025-09-30T00:32:36.3771394Z ##[group]Run : enable Cargo sparse registry
2025-09-30T00:32:36.3771743Z [36;1m: enable Cargo sparse registry[0m
2025-09-30T00:32:36.3791899Z [36;1m# implemented in 1.66, stabilized in 1.68, made default in 1.70[0m
2025-09-30T00:32:36.3792985Z [36;1mif [ -z "${CARGO_REGISTRIES_CRATES_IO_PROTOCOL+set}" -o -f "D:\a\_temp"/.implicit_cargo_registries_crates_io_protocol ]; then[0m
2025-09-30T00:32:36.3794398Z [36;1m  if rustc +stable --version --verbose | grep -q '^release: 1\.6[89]\.'; then[0m
2025-09-30T00:32:36.3795212Z [36;1m    touch "D:\a\_temp"/.implicit_cargo_registries_crates_io_protocol || true[0m
2025-09-30T00:32:36.3795970Z [36;1m    echo CARGO_REGISTRIES_CRATES_IO_PROTOCOL=sparse >> $GITHUB_ENV[0m
2025-09-30T00:32:36.3796770Z [36;1m  elif rustc +stable --version --verbose | grep -q '^release: 1\.6[67]\.'; then[0m
2025-09-30T00:32:36.3797584Z [36;1m    touch "D:\a\_temp"/.implicit_cargo_registries_crates_io_protocol || true[0m
2025-09-30T00:32:36.3798314Z [36;1m    echo CARGO_REGISTRIES_CRATES_IO_PROTOCOL=git >> $GITHUB_ENV[0m
2025-09-30T00:32:36.3798832Z [36;1m  fi[0m
2025-09-30T00:32:36.3799091Z [36;1mfi[0m
2025-09-30T00:32:36.3818865Z shell: C:\Program Files\Git\bin\bash.EXE --noprofile --norc -e -o pipefail {0}
2025-09-30T00:32:36.3819459Z env:
2025-09-30T00:32:36.3819731Z   CARGO_TERM_COLOR: always
2025-09-30T00:32:36.3820096Z   CARGO_HOME: C:\Users\runneradmin\.cargo
2025-09-30T00:32:36.3820514Z   CARGO_INCREMENTAL: 0
2025-09-30T00:32:36.3820805Z ##[endgroup]
2025-09-30T00:32:36.6610189Z ##[group]Run : work around spurious network errors in curl 8.0
2025-09-30T00:32:36.6610561Z [36;1m: work around spurious network errors in curl 8.0[0m
2025-09-30T00:32:36.6611038Z [36;1m# https://rust-lang.zulipchat.com/#narrow/stream/246057-t-cargo/topic/timeout.20investigation[0m
2025-09-30T00:32:36.6611584Z [36;1mif rustc +stable --version --verbose | grep -q '^release: 1\.7[01]\.'; then[0m
2025-09-30T00:32:36.6612200Z [36;1m  echo CARGO_HTTP_MULTIPLEXING=false >> $GITHUB_ENV[0m
2025-09-30T00:32:36.6612457Z [36;1mfi[0m
2025-09-30T00:32:36.6625337Z shell: C:\Program Files\Git\bin\bash.EXE --noprofile --norc -e -o pipefail {0}
2025-09-30T00:32:36.6625678Z env:
2025-09-30T00:32:36.6625840Z   CARGO_TERM_COLOR: always
2025-09-30T00:32:36.6626051Z   CARGO_HOME: C:\Users\runneradmin\.cargo
2025-09-30T00:32:36.6626298Z   CARGO_INCREMENTAL: 0
2025-09-30T00:32:36.6626468Z ##[endgroup]
2025-09-30T00:32:36.7865807Z ##[group]Run rustc +stable --version --verbose
2025-09-30T00:32:36.7866109Z [36;1mrustc +stable --version --verbose[0m
2025-09-30T00:32:36.7880749Z shell: C:\Program Files\Git\bin\bash.EXE --noprofile --norc -e -o pipefail {0}
2025-09-30T00:32:36.7881339Z env:
2025-09-30T00:32:36.7881577Z   CARGO_TERM_COLOR: always
2025-09-30T00:32:36.7881812Z   CARGO_HOME: C:\Users\runneradmin\.cargo
2025-09-30T00:32:36.7882055Z   CARGO_INCREMENTAL: 0
2025-09-30T00:32:36.7882233Z ##[endgroup]
2025-09-30T00:32:36.8740749Z rustc 1.90.0 (1159e78c4 2025-09-14)
2025-09-30T00:32:36.8741217Z binary: rustc
2025-09-30T00:32:36.8741584Z commit-hash: 1159e78c4747b02ef996e55082b704c09b970588
2025-09-30T00:32:36.8742315Z commit-date: 2025-09-14
2025-09-30T00:32:36.8742650Z host: x86_64-pc-windows-msvc
2025-09-30T00:32:36.8742981Z release: 1.90.0
2025-09-30T00:32:36.8743339Z LLVM version: 20.1.8
2025-09-30T00:32:37.0509748Z ##[group]Run actions/cache@v4
2025-09-30T00:32:37.0510028Z with:
2025-09-30T00:32:37.0510234Z   path: ~/.cargo/registry
~/.cargo/git
target

2025-09-30T00:32:37.0510677Z   key: Windows-cargo-b9352ade6f49304318866cfd8d8d4ae53b2d108fd12d7fb69caff4812fa0e407
2025-09-30T00:32:37.0511086Z   restore-keys: Windows-cargo-

2025-09-30T00:32:37.0511318Z   enableCrossOsArchive: false
2025-09-30T00:32:37.0511530Z   fail-on-cache-miss: false
2025-09-30T00:32:37.0511723Z   lookup-only: false
2025-09-30T00:32:37.0511895Z   save-always: false
2025-09-30T00:32:37.0512048Z env:
2025-09-30T00:32:37.0512197Z   CARGO_TERM_COLOR: always
2025-09-30T00:32:37.0512399Z   CARGO_HOME: C:\Users\runneradmin\.cargo
2025-09-30T00:32:37.0512626Z   CARGO_INCREMENTAL: 0
2025-09-30T00:32:37.0512790Z ##[endgroup]
2025-09-30T00:32:37.6582955Z Cache not found for input keys: Windows-cargo-b9352ade6f49304318866cfd8d8d4ae53b2d108fd12d7fb69caff4812fa0e407, Windows-cargo-
2025-09-30T00:32:37.6810438Z ##[group]Run cargo build --release --verbose --all
2025-09-30T00:32:37.6810833Z [36;1mcargo build --release --verbose --all[0m
2025-09-30T00:32:37.8107152Z shell: C:\Program Files\PowerShell\7\pwsh.EXE -command ". '{0}'"
2025-09-30T00:32:37.8107665Z env:
2025-09-30T00:32:37.8107911Z   CARGO_TERM_COLOR: always
2025-09-30T00:32:37.8108268Z   CARGO_HOME: C:\Users\runneradmin\.cargo
2025-09-30T00:32:37.8108645Z   CARGO_INCREMENTAL: 0
2025-09-30T00:32:37.8108971Z   GTK_INSTALL_PATH: C:\msys64\mingw64
2025-09-30T00:32:37.8109352Z ##[endgroup]
2025-09-30T00:32:53.4100948Z [1m[32m    Updating[0m crates.io index
2025-09-30T00:32:55.6907632Z [1m[32m Downloading[0m crates ...
2025-09-30T00:32:55.9233572Z [1m[32m  Downloaded[0m memoffset v0.9.1
2025-09-30T00:32:55.9446723Z [1m[32m  Downloaded[0m errno v0.3.14
2025-09-30T00:32:55.9665982Z [1m[32m  Downloaded[0m futures-sink v0.3.31
2025-09-30T00:32:56.0047666Z [1m[32m  Downloaded[0m rand_chacha v0.3.1
2025-09-30T00:32:56.0260035Z [1m[32m  Downloaded[0m hashbrown v0.16.0
2025-09-30T00:32:57.0619111Z [1m[32m  Downloaded[0m proc-macro-error v1.0.4
2025-09-30T00:32:57.1471964Z [1m[32m  Downloaded[0m same-file v1.0.6
2025-09-30T00:32:57.1781469Z [1m[32m  Downloaded[0m ryu v1.0.20
2025-09-30T00:32:57.2274531Z [1m[32m  Downloaded[0m serde_derive v1.0.226
2025-09-30T00:32:57.2716726Z [1m[32m  Downloaded[0m rustls-webpki v0.101.7
2025-09-30T00:32:57.6641329Z [1m[32m  Downloaded[0m windows-result v0.3.4
2025-09-30T00:32:57.6908609Z [1m[32m  Downloaded[0m windows-link v0.1.3
2025-09-30T00:32:57.7085564Z [1m[32m  Downloaded[0m windows-targets v0.52.6
2025-09-30T00:32:57.7236494Z [1m[32m  Downloaded[0m windows-interface v0.59.1
2025-09-30T00:32:57.7404504Z [1m[32m  Downloaded[0m zvariant_utils v1.0.1
2025-09-30T00:32:57.7598105Z [1m[32m  Downloaded[0m zvariant_derive v3.15.2
2025-09-30T00:32:57.7787808Z [1m[32m  Downloaded[0m vcpkg v0.2.15
2025-09-30T00:32:58.7313836Z [1m[32m  Downloaded[0m unicode-bidi v0.3.18
2025-09-30T00:32:58.7649024Z [1m[32m  Downloaded[0m syn v1.0.109
2025-09-30T00:32:58.8609686Z [1m[32m  Downloaded[0m zerofrom-derive v0.1.6
2025-09-30T00:32:58.8776383Z [1m[32m  Downloaded[0m xdg-home v1.3.0
2025-09-30T00:32:58.8928302Z [1m[32m  Downloaded[0m winreg v0.50.0
2025-09-30T00:32:58.9411317Z [1m[32m  Downloaded[0m windows-targets v0.53.3
2025-09-30T00:32:58.9573986Z [1m[32m  Downloaded[0m url v2.5.7
2025-09-30T00:32:58.9962620Z [1m[32m  Downloaded[0m libsqlite3-sys v0.26.0
2025-09-30T00:32:59.1204739Z [1m[32m  Downloaded[0m time v0.3.44
2025-09-30T00:32:59.2472662Z [1m[32m  Downloaded[0m tracing-core v0.1.34
2025-09-30T00:32:59.2852558Z [1m[32m  Downloaded[0m tinyvec v1.10.0
2025-09-30T00:32:59.3130016Z [1m[32m  Downloaded[0m zvariant v3.15.2
2025-09-30T00:32:59.3586452Z [1m[32m  Downloaded[0m tracing v0.1.41
2025-09-30T00:32:59.4124933Z [1m[32m  Downloaded[0m webpki-roots v1.0.2
2025-09-30T00:32:59.4271522Z [1m[32m  Downloaded[0m tokio-util v0.7.16
2025-09-30T00:32:59.5162441Z [1m[32m  Downloaded[0m zerocopy v0.8.27
2025-09-30T00:33:00.3476900Z [1m[32m  Downloaded[0m syn v2.0.106
2025-09-30T00:33:00.4745794Z [1m[32m  Downloaded[0m tracing-subscriber v0.3.20
2025-09-30T00:33:00.5781188Z [1m[32m  Downloaded[0m zbus v3.15.2
2025-09-30T00:33:00.6627535Z [1m[32m  Downloaded[0m webpki-roots v0.25.4
2025-09-30T00:33:00.6899275Z [1m[32m  Downloaded[0m winapi v0.3.9
2025-09-30T00:33:01.6139044Z [1m[32m  Downloaded[0m deranged v0.5.4
2025-09-30T00:33:01.6316916Z [1m[32m  Downloaded[0m serde_core v1.0.226
2025-09-30T00:33:01.6709503Z [1m[32m  Downloaded[0m unicode-normalization v0.1.24
2025-09-30T00:33:01.7030603Z [1m[32m  Downloaded[0m toml_edit v0.20.2
2025-09-30T00:33:02.2092528Z [1m[32m  Downloaded[0m toml_edit v0.19.15
2025-09-30T00:33:03.1465966Z [1m[32m  Downloaded[0m typenum v1.18.0
2025-09-30T00:33:03.1872613Z [1m[32m  Downloaded[0m libsodium-sys v0.2.7
2025-09-30T00:33:04.6873716Z [1m[32m  Downloaded[0m unicode-ident v1.0.19
2025-09-30T00:33:04.7594920Z [1m[32m  Downloaded[0m windows_x86_64_msvc v0.48.5
2025-09-30T00:33:04.7852808Z [1m[32m  Downloaded[0m zerotrie v0.2.2
2025-09-30T00:33:04.8450649Z [1m[32m  Downloaded[0m zerovec v0.11.4
2025-09-30T00:33:04.9337492Z [1m[32m  Downloaded[0m windows_x86_64_msvc v0.53.0
2025-09-30T00:33:04.9592286Z [1m[32m  Downloaded[0m tokio v1.47.1
2025-09-30T00:33:06.1602992Z [1m[32m  Downloaded[0m tracing-attributes v0.1.30
2025-09-30T00:33:06.1989530Z [1m[32m  Downloaded[0m toml v0.8.2
2025-09-30T00:33:06.2376851Z [1m[32m  Downloaded[0m winnow v0.5.40
2025-09-30T00:33:06.3330929Z [1m[32m  Downloaded[0m tokio-sync v0.1.8
2025-09-30T00:33:06.3818974Z [1m[32m  Downloaded[0m tokio-stream v0.1.17
2025-09-30T00:33:06.9617029Z [1m[32m  Downloaded[0m tokio-rustls v0.24.1
2025-09-30T00:33:07.3534624Z [1m[32m  Downloaded[0m tinystr v0.8.1
2025-09-30T00:33:07.3782277Z [1m[32m  Downloaded[0m zeroize v1.8.1
2025-09-30T00:33:07.3903292Z [1m[32m  Downloaded[0m zbus_names v2.6.1
2025-09-30T00:33:07.4240691Z [1m[32m  Downloaded[0m zbus_macros v3.15.2
2025-09-30T00:33:07.4365013Z [1m[32m  Downloaded[0m yoke-derive v0.8.0
2025-09-30T00:33:07.4490611Z [1m[32m  Downloaded[0m yoke v0.8.0
2025-09-30T00:33:07.4694042Z [1m[32m  Downloaded[0m writeable v0.6.1
2025-09-30T00:33:07.4874286Z [1m[32m  Downloaded[0m windows-version v0.1.5
2025-09-30T00:33:07.5003899Z [1m[32m  Downloaded[0m windows-threading v0.1.0
2025-09-30T00:33:07.5103997Z [1m[32m  Downloaded[0m ring v0.17.14
2025-09-30T00:33:08.6656311Z [1m[32m  Downloaded[0m uds_windows v1.1.0
2025-09-30T00:33:08.6807935Z [1m[32m  Downloaded[0m tracing-log v0.2.0
2025-09-30T00:33:08.6950319Z [1m[32m  Downloaded[0m toml_datetime v0.6.3
2025-09-30T00:33:08.7102513Z [1m[32m  Downloaded[0m tokio-serde v0.8.0
2025-09-30T00:33:08.7252686Z [1m[32m  Downloaded[0m tokio-native-tls v0.3.1
2025-09-30T00:33:08.7399457Z [1m[32m  Downloaded[0m tinyvec_macros v0.1.1
2025-09-30T00:33:08.7498511Z [1m[32m  Downloaded[0m zerovec-derive v0.11.1
2025-09-30T00:33:08.7685719Z [1m[32m  Downloaded[0m zerofrom v0.1.6
2025-09-30T00:33:08.7777733Z [1m[32m  Downloaded[0m untrusted v0.9.0
2025-09-30T00:33:08.7935338Z [1m[32m  Downloaded[0m try-lock v0.2.5
2025-09-30T00:33:08.8096429Z [1m[32m  Downloaded[0m tower-service v0.3.3
2025-09-30T00:33:08.8183538Z [1m[32m  Downloaded[0m tokio-rustls v0.26.3
2025-09-30T00:33:08.8417654Z [1m[32m  Downloaded[0m tokio-macros v2.5.0
2025-09-30T00:33:08.8529339Z [1m[32m  Downloaded[0m time-macros v0.2.24
2025-09-30T00:33:08.8877151Z [1m[32m  Downloaded[0m serde_json v1.0.145
2025-09-30T00:33:08.9757547Z [1m[32m  Downloaded[0m windows-future v0.2.1
2025-09-30T00:33:08.9984949Z [1m[32m  Downloaded[0m winapi-util v0.1.11
2025-09-30T00:33:09.0122478Z [1m[32m  Downloaded[0m waker-fn v1.2.0
2025-09-30T00:33:09.0230395Z [1m[32m  Downloaded[0m uuid v1.18.1
2025-09-30T00:33:09.0545785Z [1m[32m  Downloaded[0m windows_x86_64_msvc v0.52.6
2025-09-30T00:33:09.0754739Z [1m[32m  Downloaded[0m windows-targets v0.48.5
2025-09-30T00:33:09.0845144Z [1m[32m  Downloaded[0m windows-strings v0.4.2
2025-09-30T00:33:09.1078863Z [1m[32m  Downloaded[0m windows-numerics v0.2.0
2025-09-30T00:33:09.1224220Z [1m[32m  Downloaded[0m windows-link v0.2.0
2025-09-30T00:33:09.1490802Z [1m[32m  Downloaded[0m windows-implement v0.60.0
2025-09-30T00:33:09.1615545Z [1m[32m  Downloaded[0m windows-collections v0.2.0
2025-09-30T00:33:09.3824729Z [1m[32m  Downloaded[0m want v0.3.1
2025-09-30T00:33:09.3915779Z [1m[32m  Downloaded[0m version_check v0.9.5
2025-09-30T00:33:09.4045518Z [1m[32m  Downloaded[0m version-compare v0.2.0
2025-09-30T00:33:09.4225570Z [1m[32m  Downloaded[0m utf8parse v0.2.2
2025-09-30T00:33:09.4338722Z [1m[32m  Downloaded[0m utf8_iter v1.0.4
2025-09-30T00:33:09.4482993Z [1m[32m  Downloaded[0m time-core v0.1.6
2025-09-30T00:33:09.4611150Z [1m[32m  Downloaded[0m thiserror-impl v1.0.69
2025-09-30T00:33:09.4792710Z [1m[32m  Downloaded[0m target-lexicon v0.12.16
2025-09-30T00:33:09.5028956Z [1m[32m  Downloaded[0m synstructure v0.13.2
2025-09-30T00:33:09.5169110Z [1m[32m  Downloaded[0m sodiumoxide v0.2.7
2025-09-30T00:33:09.6247997Z [1m[32m  Downloaded[0m strsim v0.11.1
2025-09-30T00:33:09.6370303Z [1m[32m  Downloaded[0m stacker v0.1.21
2025-09-30T00:33:09.6659836Z [1m[32m  Downloaded[0m socket2 v0.6.0
2025-09-30T00:33:09.6817180Z [1m[32m  Downloaded[0m socket2 v0.5.10
2025-09-30T00:33:09.6968776Z [1m[32m  Downloaded[0m rustls v0.23.32
2025-09-30T00:33:09.8182958Z [1m[32m  Downloaded[0m rustls v0.21.12
2025-09-30T00:33:09.9531743Z [1m[32m  Downloaded[0m windows-core v0.61.2
2025-09-30T00:33:09.9894927Z [1m[32m  Downloaded[0m walkdir v2.5.0
2025-09-30T00:33:10.0145622Z [1m[32m  Downloaded[0m windows-sys v0.52.0
2025-09-30T00:33:10.4086774Z [1m[32m  Downloaded[0m thread_local v1.1.9
2025-09-30T00:33:10.4238277Z [1m[32m  Downloaded[0m thiserror-impl v2.0.16
2025-09-30T00:33:10.4760640Z [1m[32m  Downloaded[0m thiserror v1.0.69
2025-09-30T00:33:10.5825727Z [1m[32m  Downloaded[0m tempfile v3.23.0
2025-09-30T00:33:10.7097671Z [1m[32m  Downloaded[0m tauri-winrt-notification v0.7.2
2025-09-30T00:33:10.9953050Z [1m[32m  Downloaded[0m system-deps v6.2.2
2025-09-30T00:33:11.0212741Z [1m[32m  Downloaded[0m sync_wrapper v0.1.2
2025-09-30T00:33:11.0331006Z [1m[32m  Downloaded[0m subtle v2.6.1
2025-09-30T00:33:11.0461284Z [1m[32m  Downloaded[0m stop-token v0.7.0
2025-09-30T00:33:11.0644134Z [1m[32m  Downloaded[0m static_assertions v1.1.0
2025-09-30T00:33:11.0873984Z [1m[32m  Downloaded[0m stable_deref_trait v1.2.0
2025-09-30T00:33:11.0963203Z [1m[32m  Downloaded[0m socket2 v0.4.10
2025-09-30T00:33:11.1083487Z [1m[32m  Downloaded[0m smallvec v1.15.1
2025-09-30T00:33:11.1301384Z [1m[32m  Downloaded[0m slab v0.4.11
2025-09-30T00:33:11.1444317Z [1m[32m  Downloaded[0m signature v1.6.4
2025-09-30T00:33:11.1719416Z [1m[32m  Downloaded[0m shlex v1.3.0
2025-09-30T00:33:11.1851082Z [1m[32m  Downloaded[0m sharded-slab v0.1.7
2025-09-30T00:33:11.2304505Z [1m[32m  Downloaded[0m sha2 v0.10.9
2025-09-30T00:33:11.2774276Z [1m[32m  Downloaded[0m sha1 v0.10.6
2025-09-30T00:33:11.2918133Z [1m[32m  Downloaded[0m serde_urlencoded v0.7.1
2025-09-30T00:33:11.3116353Z [1m[32m  Downloaded[0m serde_spanned v0.6.9
2025-09-30T00:33:11.3230005Z [1m[32m  Downloaded[0m serde_repr v0.1.20
2025-09-30T00:33:11.3518523Z [1m[32m  Downloaded[0m serde_path_to_error v0.1.20
2025-09-30T00:33:11.3679532Z [1m[32m  Downloaded[0m rustix v1.1.2
2025-09-30T00:33:11.6481366Z [1m[32m  Downloaded[0m windows-sys v0.59.0
2025-09-30T00:33:13.1725916Z [1m[32m  Downloaded[0m psl v0.6.0
2025-09-30T00:33:13.1877451Z [1m[32m  Downloaded[0m oauth2 v4.4.2
2025-09-30T00:33:13.2374548Z [1m[32m  Downloaded[0m nom v7.1.3
2025-09-30T00:33:13.2929924Z [1m[32m  Downloaded[0m mio v1.0.4
2025-09-30T00:33:13.3516394Z [1m[32m  Downloaded[0m memchr v2.7.5
2025-09-30T00:33:13.4010699Z [1m[32m  Downloaded[0m libadwaita v0.5.3
2025-09-30T00:33:13.6578093Z [1m[32m  Downloaded[0m lettre v0.11.18
2025-09-30T00:33:13.7750243Z [1m[32m  Downloaded[0m indexmap v2.11.4
2025-09-30T00:33:13.8168565Z [1m[32m  Downloaded[0m idna v1.1.0
2025-09-30T00:33:13.8444025Z [1m[32m  Downloaded[0m icu_properties_data v2.0.1
2025-09-30T00:33:13.9935725Z [1m[32m  Downloaded[0m icu_collections v2.0.0
2025-09-30T00:33:14.0831993Z [1m[32m  Downloaded[0m encoding_rs v0.8.35
2025-09-30T00:33:14.2018680Z [1m[32m  Downloaded[0m thiserror v2.0.16
2025-09-30T00:33:14.3184367Z [1m[32m  Downloaded[0m serde v1.0.226
2025-09-30T00:33:14.3333391Z [1m[32m  Downloaded[0m semver v1.0.27
2025-09-30T00:33:14.3631614Z [1m[32m  Downloaded[0m schannel v0.1.28
2025-09-30T00:33:14.4020429Z [1m[32m  Downloaded[0m windows-sys v0.60.2
2025-09-30T00:33:14.7538298Z [1m[32m  Downloaded[0m regex-syntax v0.8.6
2025-09-30T00:33:15.2332906Z [1m[32m  Downloaded[0m regex-automata v0.4.10
2025-09-30T00:33:15.3458764Z [1m[32m  Downloaded[0m windows-sys v0.61.0
2025-09-30T00:33:15.7308077Z [1m[32m  Downloaded[0m libc v0.2.176
2025-09-30T00:33:16.0006866Z [1m[32m  Downloaded[0m http v0.2.12
2025-09-30T00:33:16.0527425Z [1m[32m  Downloaded[0m rustix v0.37.28
2025-09-30T00:33:16.7466138Z [1m[32m  Downloaded[0m rusqlite v0.29.0
2025-09-30T00:33:16.8001684Z [1m[32m  Downloaded[0m reqwest v0.11.27
2025-09-30T00:33:16.8878229Z [1m[32m  Downloaded[0m regex v1.11.2
2025-09-30T00:33:16.9763384Z [1m[32m  Downloaded[0m quick-xml v0.37.5
2025-09-30T00:33:17.0355857Z [1m[32m  Downloaded[0m idna v0.2.3
2025-09-30T00:33:17.0618598Z [1m[32m  Downloaded[0m hyper v0.14.32
2025-09-30T00:33:17.1353211Z [1m[32m  Downloaded[0m gtk4 v0.7.3
2025-09-30T00:33:17.5427650Z [1m[32m  Downloaded[0m futures v0.1.31
2025-09-30T00:33:17.6739038Z [1m[32m  Downloaded[0m windows-sys v0.48.0
2025-09-30T00:33:18.5063941Z [1m[32m  Downloaded[0m clap_builder v4.5.48
2025-09-30T00:33:18.5698767Z [1m[32m  Downloaded[0m async-std v1.13.2
2025-09-30T00:33:18.9700141Z [1m[32m  Downloaded[0m self_cell v1.2.0
2025-09-30T00:33:18.9863631Z [1m[32m  Downloaded[0m sct v0.7.1
2025-09-30T00:33:19.0801201Z [1m[32m  Downloaded[0m scopeguard v1.2.0
2025-09-30T00:33:19.0971472Z [1m[32m  Downloaded[0m rustls-webpki v0.103.6
2025-09-30T00:33:19.1431973Z [1m[32m  Downloaded[0m rustls-pki-types v1.12.0
2025-09-30T00:33:19.6716508Z [1m[32m  Downloaded[0m rand v0.8.5
2025-09-30T00:33:19.7429533Z [1m[32m  Downloaded[0m polling v3.11.0
2025-09-30T00:33:19.7909640Z [1m[32m  Downloaded[0m polling v2.8.0
2025-09-30T00:33:19.8368437Z [1m[32m  Downloaded[0m pin-project v1.1.10
2025-09-30T00:33:20.1951123Z [1m[32m  Downloaded[0m pango v0.18.3
2025-09-30T00:33:20.2927310Z [1m[32m  Downloaded[0m notify-rust v4.11.7
2025-09-30T00:33:20.3385283Z [1m[32m  Downloaded[0m nom v8.0.0
2025-09-30T00:33:20.3970236Z [1m[32m  Downloaded[0m minimal-lexical v0.2.1
2025-09-30T00:33:20.4807738Z [1m[32m  Downloaded[0m icu_provider v2.0.0
2025-09-30T00:33:20.5092699Z [1m[32m  Downloaded[0m icu_properties v2.0.1
2025-09-30T00:33:20.5402122Z [1m[32m  Downloaded[0m icu_normalizer_data v2.0.0
2025-09-30T00:33:20.5685366Z [1m[32m  Downloaded[0m hashbrown v0.14.5
2025-09-30T00:33:20.7469745Z [1m[32m  Downloaded[0m h2 v0.3.27
2025-09-30T00:33:20.9295617Z [1m[32m  Downloaded[0m glib-sys v0.18.1
2025-09-30T00:33:20.9464024Z [1m[32m  Downloaded[0m gdk4-sys v0.7.2
2025-09-30T00:33:20.9720974Z [1m[32m  Downloaded[0m gdk4 v0.7.3
2025-09-30T00:33:21.0851522Z [1m[32m  Downloaded[0m futures-util v0.3.31
2025-09-30T00:33:21.2630496Z [1m[32m  Downloaded[0m event-listener v5.4.1
2025-09-30T00:33:21.2834901Z [1m[32m  Downloaded[0m chrono v0.4.42
2025-09-30T00:33:21.3541548Z [1m[32m  Downloaded[0m cc v1.2.38
2025-09-30T00:33:21.3896467Z [1m[32m  Downloaded[0m base64 v0.22.1
2025-09-30T00:33:21.4291798Z [1m[32m  Downloaded[0m base64 v0.21.7
2025-09-30T00:33:21.4648285Z [1m[32m  Downloaded[0m base64 v0.13.1
2025-09-30T00:33:21.4948623Z [1m[32m  Downloaded[0m backtrace v0.3.75
2025-09-30T00:33:22.6239639Z [1m[32m  Downloaded[0m async-task v4.7.1
2025-09-30T00:33:22.6570630Z [1m[32m  Downloaded[0m async-process v2.5.0
2025-09-30T00:33:22.6740582Z [1m[32m  Downloaded[0m async-io v2.6.0
2025-09-30T00:33:22.7034861Z [1m[32m  Downloaded[0m async-io v1.13.0
2025-09-30T00:33:22.7255726Z [1m[32m  Downloaded[0m async-imap v0.9.7
2025-09-30T00:33:22.7653417Z [1m[32m  Downloaded[0m rustls-pemfile v1.0.4
2025-09-30T00:33:22.8003539Z [1m[32m  Downloaded[0m rustc-demangle v0.1.26
2025-09-30T00:33:22.8159323Z [1m[32m  Downloaded[0m rental v0.5.6
2025-09-30T00:33:22.8429842Z [1m[32m  Downloaded[0m rand_core v0.6.4
2025-09-30T00:33:22.8577092Z [1m[32m  Downloaded[0m quote v1.0.40
2025-09-30T00:33:22.8918251Z [1m[32m  Downloaded[0m proc-macro2 v1.0.101
2025-09-30T00:33:22.9317638Z [1m[32m  Downloaded[0m proc-macro-error-attr v1.0.4
2025-09-30T00:33:22.9440178Z [1m[32m  Downloaded[0m ppv-lite86 v0.2.21
2025-09-30T00:33:22.9553923Z [1m[32m  Downloaded[0m powerfmt v0.2.0
2025-09-30T00:33:22.9715383Z [1m[32m  Downloaded[0m pin-utils v0.1.0
2025-09-30T00:33:22.9829116Z [1m[32m  Downloaded[0m pin-project-lite v0.2.16
2025-09-30T00:33:23.0891557Z [1m[32m  Downloaded[0m pin-project-internal v1.1.10
2025-09-30T00:33:23.1095921Z [1m[32m  Downloaded[0m parking_lot_core v0.9.11
2025-09-30T00:33:23.1346419Z [1m[32m  Downloaded[0m parking_lot v0.12.4
2025-09-30T00:33:23.1639456Z [1m[32m  Downloaded[0m ordered-stream v0.2.0
2025-09-30T00:33:23.1765606Z [1m[32m  Downloaded[0m open v5.3.2
2025-09-30T00:33:23.2000342Z [1m[32m  Downloaded[0m once_cell v1.21.3
2025-09-30T00:33:23.2321118Z [1m[32m  Downloaded[0m num-traits v0.2.19
2025-09-30T00:33:23.2699633Z [1m[32m  Downloaded[0m nu-ansi-term v0.50.1
2025-09-30T00:33:23.2984662Z [1m[32m  Downloaded[0m litemap v0.8.0
2025-09-30T00:33:23.3336553Z [1m[32m  Downloaded[0m libadwaita-sys v0.5.3
2025-09-30T00:33:23.3482163Z [1m[32m  Downloaded[0m keyring v2.3.3
2025-09-30T00:33:23.3713718Z [1m[32m  Downloaded[0m ipnet v2.11.0
2025-09-30T00:33:23.3885790Z [1m[32m  Downloaded[0m io-lifetimes v1.0.11
2025-09-30T00:33:23.4222556Z [1m[32m  Downloaded[0m imap-proto v0.16.5
2025-09-30T00:33:23.5047256Z [1m[32m  Downloaded[0m idna_adapter v1.2.1
2025-09-30T00:33:23.6757821Z [1m[32m  Downloaded[0m icu_locale_core v2.0.0
2025-09-30T00:33:23.7787964Z [1m[32m  Downloaded[0m hyper-tls v0.5.0
2025-09-30T00:33:23.7928950Z [1m[32m  Downloaded[0m http-body v0.4.6
2025-09-30T00:33:23.8159596Z [1m[32m  Downloaded[0m hashlink v0.8.4
2025-09-30T00:33:23.8446230Z [1m[32m  Downloaded[0m gsk4-sys v0.7.3
2025-09-30T00:33:23.8570462Z [1m[32m  Downloaded[0m gdk-pixbuf-sys v0.18.0
2025-09-30T00:33:23.8688704Z [1m[32m  Downloaded[0m gdk-pixbuf v0.18.5
2025-09-30T00:33:23.9053694Z [1m[32m  Downloaded[0m futures-lite v2.6.1
2025-09-30T00:33:23.9237596Z [1m[32m  Downloaded[0m futures-channel v0.3.31
2025-09-30T00:33:23.9467913Z [1m[32m  Downloaded[0m futures v0.3.31
2025-09-30T00:33:24.0102785Z [1m[32m  Downloaded[0m form_urlencoded v1.2.2
2025-09-30T00:33:24.0229371Z [1m[32m  Downloaded[0m field-offset v0.3.6
2025-09-30T00:33:24.0340876Z [1m[32m  Downloaded[0m fallible-streaming-iterator v0.1.9
2025-09-30T00:33:24.0435950Z [1m[32m  Downloaded[0m ed25519 v1.5.3
2025-09-30T00:33:24.0595316Z [1m[32m  Downloaded[0m digest v0.10.7
2025-09-30T00:33:24.0888473Z [1m[32m  Downloaded[0m dashmap v5.5.3
2025-09-30T00:33:24.1195507Z [1m[32m  Downloaded[0m concurrent-queue v2.5.0
2025-09-30T00:33:24.1383040Z [1m[32m  Downloaded[0m clap v4.5.48
2025-09-30T00:33:24.2971244Z [1m[32m  Downloaded[0m chumsky v0.9.3
2025-09-30T00:33:24.3297958Z [1m[32m  Downloaded[0m bytes v1.10.1
2025-09-30T00:33:24.3762371Z [1m[32m  Downloaded[0m byteorder v1.5.0
2025-09-30T00:33:24.3898611Z [1m[32m  Downloaded[0m blocking v1.6.2
2025-09-30T00:33:24.4132184Z [1m[32m  Downloaded[0m autocfg v1.5.0
2025-09-30T00:33:24.4384739Z [1m[32m  Downloaded[0m atomic-waker v1.1.2
2025-09-30T00:33:24.4537408Z [1m[32m  Downloaded[0m async-recursion v1.1.1
2025-09-30T00:33:24.5195289Z [1m[32m  Downloaded[0m async-lock v3.4.1
2025-09-30T00:33:24.5515450Z [1m[32m  Downloaded[0m async-lock v2.8.0
2025-09-30T00:33:24.5725484Z [1m[32m  Downloaded[0m async-executor v1.13.3
2025-09-30T00:33:24.5939685Z [1m[32m  Downloaded[0m async-channel v2.5.0
2025-09-30T00:33:24.6146892Z [1m[32m  Downloaded[0m async-broadcast v0.5.1
2025-09-30T00:33:24.6430812Z [1m[32m  Downloaded[0m anstyle v1.0.11
2025-09-30T00:33:24.6661552Z [1m[32m  Downloaded[0m addr v0.4.0
2025-09-30T00:33:24.6869896Z [1m[32m  Downloaded[0m rustc_version v0.4.1
2025-09-30T00:33:24.7007553Z [1m[32m  Downloaded[0m rental-impl v0.5.5
2025-09-30T00:33:24.7126522Z [1m[32m  Downloaded[0m quoted_printable v0.5.1
2025-09-30T00:33:24.7204811Z [1m[32m  Downloaded[0m psm v0.1.26
2025-09-30T00:33:24.7627020Z [1m[32m  Downloaded[0m proc-macro-crate v2.0.2
2025-09-30T00:33:24.7766118Z [1m[32m  Downloaded[0m proc-macro-crate v1.3.1
2025-09-30T00:33:24.7893337Z [1m[32m  Downloaded[0m potential_utf v0.1.3
2025-09-30T00:33:24.8033133Z [1m[32m  Downloaded[0m pkg-config v0.3.32
2025-09-30T00:33:24.8196943Z [1m[32m  Downloaded[0m piper v0.2.4
2025-09-30T00:33:24.8336628Z [1m[32m  Downloaded[0m percent-encoding v2.3.2
2025-09-30T00:33:24.8429143Z [1m[32m  Downloaded[0m parking v2.2.1
2025-09-30T00:33:24.8536188Z [1m[32m  Downloaded[0m option-ext v0.2.0
2025-09-30T00:33:24.8704328Z [1m[32m  Downloaded[0m once_cell_polyfill v1.70.1
2025-09-30T00:33:24.8847461Z [1m[32m  Downloaded[0m num-conv v0.1.0
2025-09-30T00:33:24.8960640Z [1m[32m  Downloaded[0m native-tls v0.2.14
2025-09-30T00:33:25.1954992Z [1m[32m  Downloaded[0m matches v0.1.10
2025-09-30T00:33:25.2063053Z [1m[32m  Downloaded[0m mailparse v0.14.1
2025-09-30T00:33:25.2278512Z [1m[32m  Downloaded[0m itoa v1.0.15
2025-09-30T00:33:25.2432987Z [1m[32m  Downloaded[0m icu_normalizer v2.0.0
2025-09-30T00:33:25.2767531Z [1m[32m  Downloaded[0m hyper-rustls v0.24.2
2025-09-30T00:33:25.3066477Z [1m[32m  Downloaded[0m httpdate v1.0.3
2025-09-30T00:33:25.3223865Z [1m[32m  Downloaded[0m httparse v1.10.1
2025-09-30T00:33:25.3419115Z [1m[32m  Downloaded[0m hex v0.4.3
2025-09-30T00:33:25.3654980Z [1m[32m  Downloaded[0m heck v0.5.0
2025-09-30T00:33:25.3823803Z [1m[32m  Downloaded[0m gtk4-sys v0.7.3
2025-09-30T00:33:25.3953329Z [1m[32m  Downloaded[0m graphene-sys v0.18.1
2025-09-30T00:33:25.4079871Z [1m[32m  Downloaded[0m graphene-rs v0.18.1
2025-09-30T00:33:25.4467754Z [1m[32m  Downloaded[0m glib-macros v0.18.5
2025-09-30T00:33:25.4755743Z [1m[32m  Downloaded[0m gio-sys v0.18.1
2025-09-30T00:33:25.4886854Z [1m[32m  Downloaded[0m gio v0.18.4
2025-09-30T00:33:25.7314652Z [1m[32m  Downloaded[0m getrandom v0.3.3
2025-09-30T00:33:25.7696417Z [1m[32m  Downloaded[0m getrandom v0.2.16
2025-09-30T00:33:25.8074429Z [1m[32m  Downloaded[0m generic-array v0.14.7
2025-09-30T00:33:25.8299785Z [1m[32m  Downloaded[0m futures-task v0.3.31
2025-09-30T00:33:25.8469648Z [1m[32m  Downloaded[0m futures-macro v0.3.31
2025-09-30T00:33:25.8592303Z [1m[32m  Downloaded[0m futures-lite v1.13.0
2025-09-30T00:33:25.8709230Z [1m[32m  Downloaded[0m futures-io v0.3.31
2025-09-30T00:33:25.8824265Z [1m[32m  Downloaded[0m futures-executor v0.3.31
2025-09-30T00:33:25.9015412Z [1m[32m  Downloaded[0m futures-core v0.3.31
2025-09-30T00:33:25.9139971Z [1m[32m  Downloaded[0m fnv v1.0.7
2025-09-30T00:33:25.9242359Z [1m[32m  Downloaded[0m find-msvc-tools v0.1.2
2025-09-30T00:33:25.9422286Z [1m[32m  Downloaded[0m fastrand v2.3.0
2025-09-30T00:33:25.9548149Z [1m[32m  Downloaded[0m fastrand v1.9.0
2025-09-30T00:33:25.9665918Z [1m[32m  Downloaded[0m fallible-iterator v0.2.0
2025-09-30T00:33:25.9784035Z [1m[32m  Downloaded[0m event-listener-strategy v0.5.4
2025-09-30T00:33:25.9914318Z [1m[32m  Downloaded[0m event-listener v2.5.3
2025-09-30T00:33:26.0022347Z [1m[32m  Downloaded[0m error-chain v0.12.4
2025-09-30T00:33:26.0394137Z [1m[32m  Downloaded[0m enumflags2_derive v0.7.12
2025-09-30T00:33:26.0503328Z [1m[32m  Downloaded[0m email-encoding v0.4.1
2025-09-30T00:33:26.0713617Z [1m[32m  Downloaded[0m displaydoc v0.2.5
2025-09-30T00:33:26.1102062Z [1m[32m  Downloaded[0m dirs v5.0.1
2025-09-30T00:33:26.1252995Z [1m[32m  Downloaded[0m derivative v2.2.0
2025-09-30T00:33:26.2493658Z [1m[32m  Downloaded[0m crossbeam-utils v0.8.21
2025-09-30T00:33:26.6889697Z [1m[32m  Downloaded[0m colorchoice v1.0.4
2025-09-30T00:33:26.6999306Z [1m[32m  Downloaded[0m cairo-sys-rs v0.18.2
2025-09-30T00:33:26.7111641Z [1m[32m  Downloaded[0m async-trait v0.1.89
2025-09-30T00:33:26.7650248Z [1m[32m  Downloaded[0m pango-sys v0.18.0
2025-09-30T00:33:26.7786368Z [1m[32m  Downloaded[0m mime v0.3.17
2025-09-30T00:33:26.7942998Z [1m[32m  Downloaded[0m log v0.4.28
2025-09-30T00:33:26.8138676Z [1m[32m  Downloaded[0m lock_api v0.4.13
2025-09-30T00:33:26.8268763Z [1m[32m  Downloaded[0m lazy_static v1.5.0
2025-09-30T00:33:26.8491378Z [1m[32m  Downloaded[0m is_terminal_polyfill v1.70.1
2025-09-30T00:33:26.8624743Z [1m[32m  Downloaded[0m gobject-sys v0.18.0
2025-09-30T00:33:26.8827927Z [1m[32m  Downloaded[0m glib v0.18.5
2025-09-30T00:33:27.0171326Z [1m[32m  Downloaded[0m equivalent v1.0.2
2025-09-30T00:33:27.0297270Z [1m[32m  Downloaded[0m email_address v0.2.9
2025-09-30T00:33:27.0540830Z [1m[32m  Downloaded[0m data-encoding v2.9.0
2025-09-30T00:33:27.0667354Z [1m[32m  Downloaded[0m crypto-common v0.1.6
2025-09-30T00:33:27.0803205Z [1m[32m  Downloaded[0m cpufeatures v0.2.17
2025-09-30T00:33:27.0971228Z [1m[32m  Downloaded[0m clap_lex v0.7.5
2025-09-30T00:33:27.1072696Z [1m[32m  Downloaded[0m clap_derive v4.5.47
2025-09-30T00:33:27.1356875Z [1m[32m  Downloaded[0m cfg-if v1.0.3
2025-09-30T00:33:27.1516100Z [1m[32m  Downloaded[0m cfg-expr v0.15.8
2025-09-30T00:33:27.1857403Z [1m[32m  Downloaded[0m anyhow v1.0.100
2025-09-30T00:33:27.2342588Z [1m[32m  Downloaded[0m anstyle-wincon v3.0.10
2025-09-30T00:33:27.2472561Z [1m[32m  Downloaded[0m aho-corasick v1.1.3
2025-09-30T00:33:27.3020495Z [1m[32m  Downloaded[0m heck v0.4.1
2025-09-30T00:33:27.3208293Z [1m[32m  Downloaded[0m gtk4-macros v0.7.2
2025-09-30T00:33:27.3633092Z [1m[32m  Downloaded[0m gsk4 v0.7.3
2025-09-30T00:33:27.4713513Z [1m[32m  Downloaded[0m glib-build-tools v0.17.10
2025-09-30T00:33:27.4807205Z [1m[32m  Downloaded[0m charset v0.1.5
2025-09-30T00:33:27.4937370Z [1m[32m  Downloaded[0m bitflags v2.9.4
2025-09-30T00:33:27.5434800Z [1m[32m  Downloaded[0m bitflags v1.3.2
2025-09-30T00:33:27.6052987Z [1m[32m  Downloaded[0m anstyle-parse v0.2.7
2025-09-30T00:33:27.6201786Z [1m[32m  Downloaded[0m anstream v0.6.20
2025-09-30T00:33:27.6427343Z [1m[32m  Downloaded[0m allocator-api2 v0.2.21
2025-09-30T00:33:27.6727773Z [1m[32m  Downloaded[0m ahash v0.8.12
2025-09-30T00:33:27.6979961Z [1m[32m  Downloaded[0m enumflags2 v0.7.12
2025-09-30T00:33:27.7196172Z [1m[32m  Downloaded[0m dirs-sys v0.4.1
2025-09-30T00:33:27.7321266Z [1m[32m  Downloaded[0m directories v5.0.1
2025-09-30T00:33:27.7472112Z [1m[32m  Downloaded[0m cairo-rs v0.18.5
2025-09-30T00:33:27.7857172Z [1m[32m  Downloaded[0m block-buffer v0.10.4
2025-09-30T00:33:27.8639054Z [1m[32m  Downloaded[0m async-fs v1.6.0
2025-09-30T00:33:28.1270671Z [1m[32m  Downloaded[0m async-channel v1.9.0
2025-09-30T00:33:28.1461827Z [1m[32m  Downloaded[0m anstyle-query v1.1.4
2025-09-30T00:33:28.1644139Z [1m[32m  Downloaded[0m windows v0.61.3
2025-09-30T00:33:30.3936270Z [1m[32m   Compiling[0m proc-macro2 v1.0.101
2025-09-30T00:33:30.3938387Z [1m[32m   Compiling[0m unicode-ident v1.0.19
2025-09-30T00:33:30.3939088Z [1m[32m   Compiling[0m serde_core v1.0.226
2025-09-30T00:33:30.3939699Z [1m[32m   Compiling[0m cfg-if v1.0.3
2025-09-30T00:33:30.3954082Z [1m[32m     Running[0m `C:\Users\runneradmin\.rustup\toolchains\stable-x86_64-pc-windows-msvc\bin\rustc.exe --crate-name build_script_build --edition=2021 C:\Users\runneradmin\.cargo\registry\src\index.crates.io-1949cf8c6b5b557f\proc-macro2-1.0.101\build.rs --error-format=json --json=diagnostic-rendered-ansi,artifacts,future-incompat --crate-type bin --emit=dep-info,link -C embed-bitcode=no -C debug-assertions=off --cfg "feature=\"default\"" --cfg "feature=\"proc-macro\"" --check-cfg cfg(docsrs,test) --check-cfg "cfg(feature, values(\"default\", \"nightly\", \"proc-macro\", \"span-locations\"))" -C metadata=82128824d3a4bb64 -C extra-filename=-dab796b861feb7f1 --out-dir D:\a\mailapp\mailapp\target\release\build\proc-macro2-dab796b861feb7f1 -C strip=debuginfo -L dependency=D:\a\mailapp\mailapp\target\release\deps --cap-lints allow`
2025-09-30T00:33:30.3963286Z [1m[32m     Running[0m `C:\Users\runneradmin\.rustup\toolchains\stable-x86_64-pc-windows-msvc\bin\rustc.exe --crate-name unicode_ident --edition=2018 C:\Users\runneradmin\.cargo\registry\src\index.crates.io-1949cf8c6b5b557f\unicode-ident-1.0.19\src\lib.rs --error-format=json --json=diagnostic-rendered-ansi,artifacts,future-incompat --crate-type lib --emit=dep-info,metadata,link -C embed-bitcode=no -C debug-assertions=off --check-cfg cfg(docsrs,test) --check-cfg "cfg(feature, values())" -C metadata=7dcde6cf83aceb49 -C extra-filename=-1120f09d5d370f7b --out-dir D:\a\mailapp\mailapp\target\release\deps -C strip=debuginfo -L dependency=D:\a\mailapp\mailapp\target\release\deps --cap-lints allow`
2025-09-30T00:33:30.3970691Z [1m[32m     Running[0m `C:\Users\runneradmin\.rustup\toolchains\stable-x86_64-pc-windows-msvc\bin\rustc.exe --crate-name build_script_build --edition=2021 C:\Users\runneradmin\.cargo\registry\src\index.crates.io-1949cf8c6b5b557f\serde_core-1.0.226\build.rs --error-format=json --json=diagnostic-rendered-ansi,artifacts,future-incompat --crate-type bin --emit=dep-info,link -C embed-bitcode=no -C debug-assertions=off --cfg "feature=\"result\"" --cfg "feature=\"std\"" --check-cfg cfg(docsrs,test) --check-cfg "cfg(feature, values(\"alloc\", \"default\", \"rc\", \"result\", \"std\", \"unstable\"))" -C metadata=9ab2f1dc2f67bc58 -C extra-filename=-3263b7036a1dd2f4 --out-dir D:\a\mailapp\mailapp\target\release\build\serde_core-3263b7036a1dd2f4 -C strip=debuginfo -L dependency=D:\a\mailapp\mailapp\target\release\deps --cap-lints allow`
2025-09-30T00:33:30.3976445Z [1m[32m     Running[0m `C:\Users\runneradmin\.rustup\toolchains\stable-x86_64-pc-windows-msvc\bin\rustc.exe --crate-name cfg_if --edition=2018 C:\Users\runneradmin\.cargo\registry\src\index.crates.io-1949cf8c6b5b557f\cfg-if-1.0.3\src\lib.rs --error-format=json --json=diagnostic-rendered-ansi,artifacts,future-incompat --crate-type lib --emit=dep-info,metadata,link -C opt-level=3 -C embed-bitcode=no --check-cfg cfg(docsrs,test) --check-cfg "cfg(feature, values(\"core\", \"rustc-dep-of-std\"))" -C metadata=a9ace083f5d94a63 -C extra-filename=-a99bdccd0c9c7ea1 --out-dir D:\a\mailapp\mailapp\target\release\deps -C strip=debuginfo -L dependency=D:\a\mailapp\mailapp\target\release\deps --cap-lints allow`
2025-09-30T00:33:30.4670609Z [1m[32m   Compiling[0m serde v1.0.226
2025-09-30T00:33:30.4710630Z [1m[32m     Running[0m `C:\Users\runneradmin\.rustup\toolchains\stable-x86_64-pc-windows-msvc\bin\rustc.exe --crate-name build_script_build --edition=2021 C:\Users\runneradmin\.cargo\registry\src\index.crates.io-1949cf8c6b5b557f\serde-1.0.226\build.rs --error-format=json --json=diagnostic-rendered-ansi,artifacts,future-incompat --crate-type bin --emit=dep-info,link -C embed-bitcode=no -C debug-assertions=off --cfg "feature=\"default\"" --cfg "feature=\"std\"" --check-cfg cfg(docsrs,test) --check-cfg "cfg(feature, values(\"alloc\", \"default\", \"derive\", \"rc\", \"serde_derive\", \"std\", \"unstable\"))" -C metadata=df6ca68acd263279 -C extra-filename=-c606403757ff57b3 --out-dir D:\a\mailapp\mailapp\target\release\build\serde-c606403757ff57b3 -C strip=debuginfo -L dependency=D:\a\mailapp\mailapp\target\release\deps --cap-lints allow`
2025-09-30T00:33:30.5214468Z [1m[32m   Compiling[0m hashbrown v0.16.0
2025-09-30T00:33:30.5236797Z [1m[32m     Running[0m `C:\Users\runneradmin\.rustup\toolchains\stable-x86_64-pc-windows-msvc\bin\rustc.exe --crate-name hashbrown --edition=2021 C:\Users\runneradmin\.cargo\registry\src\index.crates.io-1949cf8c6b5b557f\hashbrown-0.16.0\src\lib.rs --error-format=json --json=diagnostic-rendered-ansi,artifacts,future-incompat --crate-type lib --emit=dep-info,metadata,link -C embed-bitcode=no -C debug-assertions=off --check-cfg cfg(docsrs,test) --check-cfg "cfg(feature, values(\"alloc\", \"allocator-api2\", \"core\", \"default\", \"default-hasher\", \"equivalent\", \"inline-more\", \"nightly\", \"raw-entry\", \"rayon\", \"rustc-dep-of-std\", \"rustc-internal-api\", \"serde\"))" -C metadata=f4e3a694dfb9d46b -C extra-filename=-8f2f0c80fae6e770 --out-dir D:\a\mailapp\mailapp\target\release\deps -C strip=debuginfo -L dependency=D:\a\mailapp\mailapp\target\release\deps --cap-lints allow`
2025-09-30T00:33:31.1601840Z [1m[32m   Compiling[0m equivalent v1.0.2
2025-09-30T00:33:31.1609571Z [1m[32m     Running[0m `C:\Users\runneradmin\.rustup\toolchains\stable-x86_64-pc-windows-msvc\bin\rustc.exe --crate-name equivalent --edition=2015 C:\Users\runneradmin\.cargo\registry\src\index.crates.io-1949cf8c6b5b557f\equivalent-1.0.2\src\lib.rs --error-format=json --json=diagnostic-rendered-ansi,artifacts,future-incompat --crate-type lib --emit=dep-info,metadata,link -C embed-bitcode=no -C debug-assertions=off --check-cfg cfg(docsrs,test) --check-cfg "cfg(feature, values())" -C metadata=a7919c5ac3cc4324 -C extra-filename=-f284401138b9ac57 --out-dir D:\a\mailapp\mailapp\target\release\deps -C strip=debuginfo -L dependency=D:\a\mailapp\mailapp\target\release\deps --cap-lints allow`
2025-09-30T00:33:31.2518694Z [1m[32m   Compiling[0m indexmap v2.11.4
2025-09-30T00:33:31.2536033Z [1m[32m     Running[0m `C:\Users\runneradmin\.rustup\toolchains\stable-x86_64-pc-windows-msvc\bin\rustc.exe --crate-name indexmap --edition=2021 C:\Users\runneradmin\.cargo\registry\src\index.crates.io-1949cf8c6b5b557f\indexmap-2.11.4\src\lib.rs --error-format=json --json=diagnostic-rendered-ansi,artifacts,future-incompat --crate-type lib --emit=dep-info,metadata,link -C embed-bitcode=no --allow=clippy::style -C debug-assertions=off --cfg "feature=\"default\"" --cfg "feature=\"std\"" --check-cfg cfg(docsrs,test) --check-cfg "cfg(feature, values(\"arbitrary\", \"borsh\", \"default\", \"quickcheck\", \"rayon\", \"serde\", \"std\", \"sval\", \"test_debug\"))" -C metadata=f7717cb35a30fe50 -C extra-filename=-7a60fd60e7b0dfe2 --out-dir D:\a\mailapp\mailapp\target\release\deps -C strip=debuginfo -L dependency=D:\a\mailapp\mailapp\target\release\deps --extern equivalent=D:\a\mailapp\mailapp\target\release\deps\libequivalent-f284401138b9ac57.rmeta --extern hashbrown=D:\a\mailapp\mailapp\target\release\deps\libhashbrown-8f2f0c80fae6e770.rmeta --cap-lints allow`
2025-09-30T00:33:31.9146450Z [1m[32m   Compiling[0m winnow v0.5.40
2025-09-30T00:33:31.9155002Z [1m[32m     Running[0m `C:\Users\runneradmin\.rustup\toolchains\stable-x86_64-pc-windows-msvc\bin\rustc.exe --crate-name winnow --edition=2021 C:\Users\runneradmin\.cargo\registry\src\index.crates.io-1949cf8c6b5b557f\winnow-0.5.40\src\lib.rs --error-format=json --json=diagnostic-rendered-ansi,artifacts,future-incompat --crate-type lib --emit=dep-info,metadata,link -C embed-bitcode=no -C debug-assertions=off --cfg "feature=\"alloc\"" --cfg "feature=\"default\"" --cfg "feature=\"std\"" --check-cfg cfg(docsrs,test) --check-cfg "cfg(feature, values(\"alloc\", \"debug\", \"default\", \"simd\", \"std\", \"unstable-doc\", \"unstable-recover\"))" -C metadata=adc8f63b0d61c359 -C extra-filename=-cf1e861786f9c425 --out-dir D:\a\mailapp\mailapp\target\release\deps -C strip=debuginfo -L dependency=D:\a\mailapp\mailapp\target\release\deps --cap-lints allow`
2025-09-30T00:33:33.6878983Z [1m[32m   Compiling[0m pkg-config v0.3.32
2025-09-30T00:33:33.6887248Z [1m[32m     Running[0m `C:\Users\runneradmin\.rustup\toolchains\stable-x86_64-pc-windows-msvc\bin\rustc.exe --crate-name pkg_config --edition=2018 C:\Users\runneradmin\.cargo\registry\src\index.crates.io-1949cf8c6b5b557f\pkg-config-0.3.32\src\lib.rs --error-format=json --json=diagnostic-rendered-ansi,artifacts,future-incompat --crate-type lib --emit=dep-info,metadata,link -C embed-bitcode=no -C debug-assertions=off --check-cfg cfg(docsrs,test) --check-cfg "cfg(feature, values())" -C metadata=9f07c0a2e869da3d -C extra-filename=-a628d02902df465f --out-dir D:\a\mailapp\mailapp\target\release\deps -C strip=debuginfo -L dependency=D:\a\mailapp\mailapp\target\release\deps --cap-lints allow`
2025-09-30T00:33:33.9956619Z [1m[32m     Running[0m `D:\a\mailapp\mailapp\target\release\build\serde_core-3263b7036a1dd2f4\build-script-build`
2025-09-30T00:33:33.9958955Z [1m[32m     Running[0m `D:\a\mailapp\mailapp\target\release\build\serde-c606403757ff57b3\build-script-build`
2025-09-30T00:33:33.9960453Z [1m[32m     Running[0m `D:\a\mailapp\mailapp\target\release\build\proc-macro2-dab796b861feb7f1\build-script-build`
2025-09-30T00:33:34.0492931Z [1m[32m   Compiling[0m pin-project-lite v0.2.16
2025-09-30T00:33:34.0533759Z [1m[32m     Running[0m `C:\Users\runneradmin\.rustup\toolchains\stable-x86_64-pc-windows-msvc\bin\rustc.exe --crate-name serde_core --edition=2021 C:\Users\runneradmin\.cargo\registry\src\index.crates.io-1949cf8c6b5b557f\serde_core-1.0.226\src\lib.rs --error-format=json --json=diagnostic-rendered-ansi,artifacts,future-incompat --crate-type lib --emit=dep-info,metadata,link -C embed-bitcode=no -C debug-assertions=off --cfg "feature=\"result\"" --cfg "feature=\"std\"" --check-cfg cfg(docsrs,test) --check-cfg "cfg(feature, values(\"alloc\", \"default\", \"rc\", \"result\", \"std\", \"unstable\"))" -C metadata=a275f26f5cfb8125 -C extra-filename=-8050829c2ccbf9cf --out-dir D:\a\mailapp\mailapp\target\release\deps -C strip=debuginfo -L dependency=D:\a\mailapp\mailapp\target\release\deps --cap-lints allow --check-cfg cfg(no_core_cstr) --check-cfg cfg(no_core_error) --check-cfg cfg(no_core_net) --check-cfg cfg(no_core_num_saturating) --check-cfg cfg(no_diagnostic_namespace) --check-cfg cfg(no_serde_derive) --check-cfg cfg(no_std_atomic) --check-cfg cfg(no_std_atomic64) --check-cfg cfg(no_target_has_atomic)`
2025-09-30T00:33:34.0565807Z [1m[32m     Running[0m `C:\Users\runneradmin\.rustup\toolchains\stable-x86_64-pc-windows-msvc\bin\rustc.exe --crate-name pin_project_lite --edition=2018 C:\Users\runneradmin\.cargo\registry\src\index.crates.io-1949cf8c6b5b557f\pin-project-lite-0.2.16\src\lib.rs --error-format=json --json=diagnostic-rendered-ansi,artifacts,future-incompat --crate-type lib --emit=dep-info,metadata,link -C opt-level=3 -C embed-bitcode=no --warn=unreachable_pub --warn=unexpected_cfgs --warn=clippy::undocumented_unsafe_blocks --warn=clippy::transmute_undefined_repr --warn=clippy::trailing_empty_array --warn=single_use_lifetimes --warn=rust_2018_idioms --warn=clippy::pedantic --warn=non_ascii_idents --warn=clippy::inline_asm_x86_att_syntax --warn=improper_ctypes_definitions --warn=improper_ctypes --warn=deprecated_safe --warn=clippy::default_union_representation --warn=clippy::as_underscore --warn=clippy::as_ptr_cast_mut --warn=clippy::all --allow=clippy::unreadable_literal --allow=clippy::type_complexity --allow=clippy::too_many_lines --allow=clippy::too_many_arguments --allow=clippy::struct_field_names --allow=clippy::struct_excessive_bools --allow=clippy::single_match_else --allow=clippy::single_match --allow=clippy::similar_names --allow=clippy::range_plus_one --allow=clippy::nonminimal_bool --allow=clippy::naive_bytecount --allow=clippy::module_name_repetitions --allow=clippy::missing_errors_doc --allow=clippy::manual_range_contains --allow=clippy::manual_assert --allow=clippy::lint_groups_priority --allow=clippy::incompatible_msrv --allow=clippy::float_cmp --allow=clippy::doc_markdown --allow=clippy::declare_interior_mutable_const --allow=clippy::cast_lossless --allow=clippy::borrow_as_ptr --allow=clippy::bool_assert_comparison --check-cfg cfg(docsrs,test) --check-cfg "cfg(feature, values())" -C metadata=06e69348aa1aaa8d -C extra-filename=-84feddfb81e84f1a --out-dir D:\a\mailapp\mailapp\target\release\deps -C strip=debuginfo -L dependency=D:\a\mailapp\mailapp\target\release\deps --cap-lints allow`
2025-09-30T00:33:34.1636571Z [1m[32m   Compiling[0m autocfg v1.5.0
2025-09-30T00:33:34.1676364Z [1m[32m     Running[0m `C:\Users\runneradmin\.rustup\toolchains\stable-x86_64-pc-windows-msvc\bin\rustc.exe --crate-name autocfg --edition=2015 C:\Users\runneradmin\.cargo\registry\src\index.crates.io-1949cf8c6b5b557f\autocfg-1.5.0\src\lib.rs --error-format=json --json=diagnostic-rendered-ansi,artifacts,future-incompat --crate-type lib --emit=dep-info,metadata,link -C embed-bitcode=no -C debug-assertions=off --check-cfg cfg(docsrs,test) --check-cfg "cfg(feature, values())" -C metadata=d5ab7c9cd5b43ff7 -C extra-filename=-110bdd5999cc8351 --out-dir D:\a\mailapp\mailapp\target\release\deps -C strip=debuginfo -L dependency=D:\a\mailapp\mailapp\target\release\deps --cap-lints allow`
2025-09-30T00:33:34.2742378Z [1m[32m     Running[0m `C:\Users\runneradmin\.rustup\toolchains\stable-x86_64-pc-windows-msvc\bin\rustc.exe --crate-name proc_macro2 --edition=2021 C:\Users\runneradmin\.cargo\registry\src\index.crates.io-1949cf8c6b5b557f\proc-macro2-1.0.101\src\lib.rs --error-format=json --json=diagnostic-rendered-ansi,artifacts,future-incompat --crate-type lib --emit=dep-info,metadata,link -C embed-bitcode=no -C debug-assertions=off --cfg "feature=\"default\"" --cfg "feature=\"proc-macro\"" --check-cfg cfg(docsrs,test) --check-cfg "cfg(feature, values(\"default\", \"nightly\", \"proc-macro\", \"span-locations\"))" -C metadata=0845bcd998f24989 -C extra-filename=-be860f904a387c07 --out-dir D:\a\mailapp\mailapp\target\release\deps -C strip=debuginfo -L dependency=D:\a\mailapp\mailapp\target\release\deps --extern unicode_ident=D:\a\mailapp\mailapp\target\release\deps\libunicode_ident-1120f09d5d370f7b.rmeta --cap-lints allow --cfg wrap_proc_macro --cfg proc_macro_span_location --cfg proc_macro_span_file --check-cfg cfg(fuzzing) --check-cfg cfg(no_is_available) --check-cfg cfg(no_literal_byte_character) --check-cfg cfg(no_literal_c_string) --check-cfg cfg(no_source_text) --check-cfg cfg(proc_macro_span) --check-cfg cfg(proc_macro_span_file) --check-cfg cfg(proc_macro_span_location) --check-cfg cfg(procmacro2_backtrace) --check-cfg cfg(procmacro2_build_probe) --check-cfg cfg(procmacro2_nightly_testing) --check-cfg cfg(procmacro2_semver_exempt) --check-cfg cfg(randomize_layout) --check-cfg cfg(span_locations) --check-cfg cfg(super_unstable) --check-cfg cfg(wrap_proc_macro)`
2025-09-30T00:33:34.4520396Z [1m[32m   Compiling[0m target-lexicon v0.12.16
2025-09-30T00:33:34.4547236Z [1m[32m     Running[0m `C:\Users\runneradmin\.rustup\toolchains\stable-x86_64-pc-windows-msvc\bin\rustc.exe --crate-name build_script_build --edition=2018 C:\Users\runneradmin\.cargo\registry\src\index.crates.io-1949cf8c6b5b557f\target-lexicon-0.12.16\build.rs --error-format=json --json=diagnostic-rendered-ansi,artifacts,future-incompat --crate-type bin --emit=dep-info,link -C embed-bitcode=no -C debug-assertions=off --cfg "feature=\"default\"" --check-cfg cfg(docsrs,test) --check-cfg "cfg(feature, values(\"arch_zkasm\", \"default\", \"serde\", \"serde_support\", \"std\"))" -C metadata=bde680d1ff0a1d0c -C extra-filename=-add3722c21a7f8a5 --out-dir D:\a\mailapp\mailapp\target\release\build\target-lexicon-add3722c21a7f8a5 -C strip=debuginfo -L dependency=D:\a\mailapp\mailapp\target\release\deps --cap-lints allow`
2025-09-30T00:33:34.8641586Z [1m[32m   Compiling[0m quote v1.0.40
2025-09-30T00:33:34.8688097Z [1m[32m     Running[0m `C:\Users\runneradmin\.rustup\toolchains\stable-x86_64-pc-windows-msvc\bin\rustc.exe --crate-name quote --edition=2018 C:\Users\runneradmin\.cargo\registry\src\index.crates.io-1949cf8c6b5b557f\quote-1.0.40\src\lib.rs --error-format=json --json=diagnostic-rendered-ansi,artifacts,future-incompat --crate-type lib --emit=dep-info,metadata,link -C embed-bitcode=no -C debug-assertions=off --cfg "feature=\"default\"" --cfg "feature=\"proc-macro\"" --check-cfg cfg(docsrs,test) --check-cfg "cfg(feature, values(\"default\", \"proc-macro\"))" -C metadata=6c81581a8d7536d5 -C extra-filename=-d13d79707cb75e99 --out-dir D:\a\mailapp\mailapp\target\release\deps -C strip=debuginfo -L dependency=D:\a\mailapp\mailapp\target\release\deps --extern proc_macro2=D:\a\mailapp\mailapp\target\release\deps\libproc_macro2-be860f904a387c07.rmeta --cap-lints allow`
2025-09-30T00:33:35.1712426Z [1m[32m   Compiling[0m syn v2.0.106
2025-09-30T00:33:35.1969264Z [1m[32m     Running[0m `C:\Users\runneradmin\.rustup\toolchains\stable-x86_64-pc-windows-msvc\bin\rustc.exe --crate-name syn --edition=2021 C:\Users\runneradmin\.cargo\registry\src\index.crates.io-1949cf8c6b5b557f\syn-2.0.106\src\lib.rs --error-format=json --json=diagnostic-rendered-ansi,artifacts,future-incompat --crate-type lib --emit=dep-info,metadata,link -C embed-bitcode=no -C debug-assertions=off --cfg "feature=\"clone-impls\"" --cfg "feature=\"default\"" --cfg "feature=\"derive\"" --cfg "feature=\"extra-traits\"" --cfg "feature=\"fold\"" --cfg "feature=\"full\"" --cfg "feature=\"parsing\"" --cfg "feature=\"printing\"" --cfg "feature=\"proc-macro\"" --cfg "feature=\"visit\"" --cfg "feature=\"visit-mut\"" --check-cfg cfg(docsrs,test) --check-cfg "cfg(feature, values(\"clone-impls\", \"default\", \"derive\", \"extra-traits\", \"fold\", \"full\", \"parsing\", \"printing\", \"proc-macro\", \"test\", \"visit\", \"visit-mut\"))" -C metadata=eb4c414d89269393 -C extra-filename=-eecbe7198f1dafdf --out-dir D:\a\mailapp\mailapp\target\release\deps -C strip=debuginfo -L dependency=D:\a\mailapp\mailapp\target\release\deps --extern proc_macro2=D:\a\mailapp\mailapp\target\release\deps\libproc_macro2-be860f904a387c07.rmeta --extern quote=D:\a\mailapp\mailapp\target\release\deps\libquote-d13d79707cb75e99.rmeta --extern unicode_ident=D:\a\mailapp\mailapp\target\release\deps\libunicode_ident-1120f09d5d370f7b.rmeta --cap-lints allow`
2025-09-30T00:33:35.3199741Z [1m[32m   Compiling[0m heck v0.5.0
2025-09-30T00:33:35.3238698Z [1m[32m     Running[0m `C:\Users\runneradmin\.rustup\toolchains\stable-x86_64-pc-windows-msvc\bin\rustc.exe --crate-name heck --edition=2021 C:\Users\runneradmin\.cargo\registry\src\index.crates.io-1949cf8c6b5b557f\heck-0.5.0\src\lib.rs --error-format=json --json=diagnostic-rendered-ansi,artifacts,future-incompat --crate-type lib --emit=dep-info,metadata,link -C embed-bitcode=no -C debug-assertions=off --check-cfg cfg(docsrs,test) --check-cfg "cfg(feature, values())" -C metadata=60d50e565e71bbd2 -C extra-filename=-0d7331e6f96820f3 --out-dir D:\a\mailapp\mailapp\target\release\deps -C strip=debuginfo -L dependency=D:\a\mailapp\mailapp\target\release\deps --cap-lints allow`
2025-09-30T00:33:35.3874978Z [1m[32m     Running[0m `D:\a\mailapp\mailapp\target\release\build\target-lexicon-add3722c21a7f8a5\build-script-build`
2025-09-30T00:33:35.4726543Z [1m[32m     Running[0m `C:\Users\runneradmin\.rustup\toolchains\stable-x86_64-pc-windows-msvc\bin\rustc.exe --crate-name target_lexicon --edition=2018 C:\Users\runneradmin\.cargo\registry\src\index.crates.io-1949cf8c6b5b557f\target-lexicon-0.12.16\src\lib.rs --error-format=json --json=diagnostic-rendered-ansi,artifacts,future-incompat --crate-type lib --emit=dep-info,metadata,link -C embed-bitcode=no -C debug-assertions=off --cfg "feature=\"default\"" --check-cfg cfg(docsrs,test) --check-cfg "cfg(feature, values(\"arch_zkasm\", \"default\", \"serde\", \"serde_support\", \"std\"))" -C metadata=9cf3b6d598f5d0ef -C extra-filename=-6849ea53af1795c2 --out-dir D:\a\mailapp\mailapp\target\release\deps -C strip=debuginfo -L dependency=D:\a\mailapp\mailapp\target\release\deps --cap-lints allow --cfg "feature=\"rust_1_40\""`
2025-09-30T00:33:35.6926936Z [1m[32m   Compiling[0m smallvec v1.15.1
2025-09-30T00:33:35.6943078Z [1m[32m     Running[0m `C:\Users\runneradmin\.rustup\toolchains\stable-x86_64-pc-windows-msvc\bin\rustc.exe --crate-name smallvec --edition=2018 C:\Users\runneradmin\.cargo\registry\src\index.crates.io-1949cf8c6b5b557f\smallvec-1.15.1\src\lib.rs --error-format=json --json=diagnostic-rendered-ansi,artifacts,future-incompat --crate-type lib --emit=dep-info,metadata,link -C embed-bitcode=no -C debug-assertions=off --check-cfg cfg(docsrs,test) --check-cfg "cfg(feature, values(\"arbitrary\", \"bincode\", \"const_generics\", \"const_new\", \"debugger_visualizer\", \"drain_filter\", \"drain_keep_rest\", \"impl_bincode\", \"malloc_size_of\", \"may_dangle\", \"serde\", \"specialization\", \"union\", \"unty\", \"write\"))" -C metadata=d6293412cdc30c23 -C extra-filename=-bf7154560628a265 --out-dir D:\a\mailapp\mailapp\target\release\deps -C strip=debuginfo -L dependency=D:\a\mailapp\mailapp\target\release\deps --cap-lints allow`
2025-09-30T00:33:35.9617692Z [1m[32m   Compiling[0m cfg-expr v0.15.8
2025-09-30T00:33:35.9664557Z [1m[32m     Running[0m `C:\Users\runneradmin\.rustup\toolchains\stable-x86_64-pc-windows-msvc\bin\rustc.exe --crate-name cfg_expr --edition=2021 C:\Users\runneradmin\.cargo\registry\src\index.crates.io-1949cf8c6b5b557f\cfg-expr-0.15.8\src\lib.rs --error-format=json --json=diagnostic-rendered-ansi,artifacts,future-incompat --crate-type lib --emit=dep-info,metadata,link -C embed-bitcode=no -C debug-assertions=off --cfg "feature=\"default\"" --cfg "feature=\"target-lexicon\"" --cfg "feature=\"targets\"" --check-cfg cfg(docsrs,test) --check-cfg "cfg(feature, values(\"default\", \"target-lexicon\", \"targets\"))" -C metadata=0d9e07fa13b10528 -C extra-filename=-8671266451c89641 --out-dir D:\a\mailapp\mailapp\target\release\deps -C strip=debuginfo -L dependency=D:\a\mailapp\mailapp\target\release\deps --extern smallvec=D:\a\mailapp\mailapp\target\release\deps\libsmallvec-bf7154560628a265.rmeta --extern target_lexicon=D:\a\mailapp\mailapp\target\release\deps\libtarget_lexicon-6849ea53af1795c2.rmeta --cap-lints allow`
2025-09-30T00:33:36.0251928Z [1m[32m   Compiling[0m version-compare v0.2.0
2025-09-30T00:33:36.0290784Z [1m[32m     Running[0m `C:\Users\runneradmin\.rustup\toolchains\stable-x86_64-pc-windows-msvc\bin\rustc.exe --crate-name version_compare --edition=2021 C:\Users\runneradmin\.cargo\registry\src\index.crates.io-1949cf8c6b5b557f\version-compare-0.2.0\src\lib.rs --error-format=json --json=diagnostic-rendered-ansi,artifacts,future-incompat --crate-type lib --emit=dep-info,metadata,link -C embed-bitcode=no -C debug-assertions=off --check-cfg cfg(docsrs,test) --check-cfg "cfg(feature, values())" -C metadata=375a3c06e5d0c40a -C extra-filename=-35f9d36f8884250f --out-dir D:\a\mailapp\mailapp\target\release\deps -C strip=debuginfo -L dependency=D:\a\mailapp\mailapp\target\release\deps --cap-lints allow`
2025-09-30T00:33:36.3326880Z [1m[32m   Compiling[0m futures-core v0.3.31
2025-09-30T00:33:36.3368865Z [1m[32m     Running[0m `C:\Users\runneradmin\.rustup\toolchains\stable-x86_64-pc-windows-msvc\bin\rustc.exe --crate-name futures_core --edition=2018 C:\Users\runneradmin\.cargo\registry\src\index.crates.io-1949cf8c6b5b557f\futures-core-0.3.31\src\lib.rs --error-format=json --json=diagnostic-rendered-ansi,artifacts,future-incompat --crate-type lib --emit=dep-info,metadata,link -C opt-level=3 -C embed-bitcode=no --warn=unreachable_pub --warn=unexpected_cfgs --warn=single_use_lifetimes --warn=rust_2018_idioms --warn=missing_debug_implementations --check-cfg cfg(futures_sanitizer) --cfg "feature=\"alloc\"" --cfg "feature=\"default\"" --cfg "feature=\"std\"" --check-cfg cfg(docsrs,test) --check-cfg "cfg(feature, values(\"alloc\", \"cfg-target-has-atomic\", \"default\", \"portable-atomic\", \"std\", \"unstable\"))" -C metadata=5472aafd62f85c79 -C extra-filename=-d91ae193cab9626a --out-dir D:\a\mailapp\mailapp\target\release\deps -C strip=debuginfo -L dependency=D:\a\mailapp\mailapp\target\release\deps --cap-lints allow`
2025-09-30T00:33:36.5068629Z [1m[32m   Compiling[0m version_check v0.9.5
2025-09-30T00:33:36.5109247Z [1m[32m     Running[0m `C:\Users\runneradmin\.rustup\toolchains\stable-x86_64-pc-windows-msvc\bin\rustc.exe --crate-name version_check --edition=2015 C:\Users\runneradmin\.cargo\registry\src\index.crates.io-1949cf8c6b5b557f\version_check-0.9.5\src\lib.rs --error-format=json --json=diagnostic-rendered-ansi,artifacts,future-incompat --crate-type lib --emit=dep-info,metadata,link -C embed-bitcode=no -C debug-assertions=off --check-cfg cfg(docsrs,test) --check-cfg "cfg(feature, values())" -C metadata=d0fd6b26e91f692a -C extra-filename=-18adcbb16e011c6c --out-dir D:\a\mailapp\mailapp\target\release\deps -C strip=debuginfo -L dependency=D:\a\mailapp\mailapp\target\release\deps --cap-lints allow`
2025-09-30T00:33:37.2024224Z [1m[32m   Compiling[0m memchr v2.7.5
2025-09-30T00:33:37.2061707Z [1m[32m     Running[0m `C:\Users\runneradmin\.rustup\toolchains\stable-x86_64-pc-windows-msvc\bin\rustc.exe --crate-name memchr --edition=2021 C:\Users\runneradmin\.cargo\registry\src\index.crates.io-1949cf8c6b5b557f\memchr-2.7.5\src\lib.rs --error-format=json --json=diagnostic-rendered-ansi,artifacts,future-incompat --crate-type lib --emit=dep-info,metadata,link -C opt-level=3 -C embed-bitcode=no --cfg "feature=\"alloc\"" --cfg "feature=\"default\"" --cfg "feature=\"std\"" --check-cfg cfg(docsrs,test) --check-cfg "cfg(feature, values(\"alloc\", \"core\", \"default\", \"libc\", \"logging\", \"rustc-dep-of-std\", \"std\", \"use_std\"))" -C metadata=4c2868a9b7913a9a -C extra-filename=-3b8eeb1c0a9accb9 --out-dir D:\a\mailapp\mailapp\target\release\deps -C strip=debuginfo -L dependency=D:\a\mailapp\mailapp\target\release\deps --cap-lints allow`
2025-09-30T00:33:37.2159979Z [1m[32m   Compiling[0m windows_x86_64_msvc v0.52.6
2025-09-30T00:33:37.2198448Z [1m[32m     Running[0m `C:\Users\runneradmin\.rustup\toolchains\stable-x86_64-pc-windows-msvc\bin\rustc.exe --crate-name build_script_build --edition=2021 C:\Users\runneradmin\.cargo\registry\src\index.crates.io-1949cf8c6b5b557f\windows_x86_64_msvc-0.52.6\build.rs --error-format=json --json=diagnostic-rendered-ansi,artifacts,future-incompat --crate-type bin --emit=dep-info,link -C embed-bitcode=no -C debug-assertions=off --check-cfg cfg(docsrs,test) --check-cfg "cfg(feature, values())" -C metadata=62e0c381c46b55f5 -C extra-filename=-bae9bd3d500fc719 --out-dir D:\a\mailapp\mailapp\target\release\build\windows_x86_64_msvc-bae9bd3d500fc719 -C strip=debuginfo -L dependency=D:\a\mailapp\mailapp\target\release\deps --cap-lints allow`
2025-09-30T00:33:37.4907285Z [1m[32m     Running[0m `D:\a\mailapp\mailapp\target\release\build\windows_x86_64_msvc-bae9bd3d500fc719\build-script-build`
2025-09-30T00:33:37.5125080Z [1m[32m     Running[0m `C:\Users\runneradmin\.rustup\toolchains\stable-x86_64-pc-windows-msvc\bin\rustc.exe --crate-name smallvec --edition=2018 C:\Users\runneradmin\.cargo\registry\src\index.crates.io-1949cf8c6b5b557f\smallvec-1.15.1\src\lib.rs --error-format=json --json=diagnostic-rendered-ansi,artifacts,future-incompat --crate-type lib --emit=dep-info,metadata,link -C opt-level=3 -C embed-bitcode=no --cfg "feature=\"const_generics\"" --cfg "feature=\"const_new\"" --cfg "feature=\"union\"" --check-cfg cfg(docsrs,test) --check-cfg "cfg(feature, values(\"arbitrary\", \"bincode\", \"const_generics\", \"const_new\", \"debugger_visualizer\", \"drain_filter\", \"drain_keep_rest\", \"impl_bincode\", \"malloc_size_of\", \"may_dangle\", \"serde\", \"specialization\", \"union\", \"unty\", \"write\"))" -C metadata=e7c968bd76aef04f -C extra-filename=-ea9f7bb04cc6d83a --out-dir D:\a\mailapp\mailapp\target\release\deps -C strip=debuginfo -L dependency=D:\a\mailapp\mailapp\target\release\deps --cap-lints allow`
2025-09-30T00:33:37.7966253Z [1m[32m     Running[0m `C:\Users\runneradmin\.rustup\toolchains\stable-x86_64-pc-windows-msvc\bin\rustc.exe --crate-name serde --edition=2021 C:\Users\runneradmin\.cargo\registry\src\index.crates.io-1949cf8c6b5b557f\serde-1.0.226\src\lib.rs --error-format=json --json=diagnostic-rendered-ansi,artifacts,future-incompat --crate-type lib --emit=dep-info,metadata,link -C embed-bitcode=no -C debug-assertions=off --cfg "feature=\"default\"" --cfg "feature=\"std\"" --check-cfg cfg(docsrs,test) --check-cfg "cfg(feature, values(\"alloc\", \"default\", \"derive\", \"rc\", \"serde_derive\", \"std\", \"unstable\"))" -C metadata=b531a417c3cda452 -C extra-filename=-a9d7688295ac8881 --out-dir D:\a\mailapp\mailapp\target\release\deps -C strip=debuginfo -L dependency=D:\a\mailapp\mailapp\target\release\deps --extern serde_core=D:\a\mailapp\mailapp\target\release\deps\libserde_core-8050829c2ccbf9cf.rmeta --cap-lints allow --check-cfg cfg(no_diagnostic_namespace) --check-cfg cfg(no_serde_derive)`
2025-09-30T00:33:37.8897923Z [1m[32m   Compiling[0m once_cell v1.21.3
2025-09-30T00:33:37.8937116Z [1m[32m     Running[0m `C:\Users\runneradmin\.rustup\toolchains\stable-x86_64-pc-windows-msvc\bin\rustc.exe --crate-name once_cell --edition=2021 C:\Users\runneradmin\.cargo\registry\src\index.crates.io-1949cf8c6b5b557f\once_cell-1.21.3\src\lib.rs --error-format=json --json=diagnostic-rendered-ansi,artifacts,future-incompat --crate-type lib --emit=dep-info,metadata,link -C opt-level=3 -C embed-bitcode=no --cfg "feature=\"alloc\"" --cfg "feature=\"default\"" --cfg "feature=\"race\"" --cfg "feature=\"std\"" --check-cfg cfg(docsrs,test) --check-cfg "cfg(feature, values(\"alloc\", \"atomic-polyfill\", \"critical-section\", \"default\", \"parking_lot\", \"portable-atomic\", \"race\", \"std\", \"unstable\"))" -C metadata=5388a7fe610386ad -C extra-filename=-8cc5509b648e4b3b --out-dir D:\a\mailapp\mailapp\target\release\deps -C strip=debuginfo -L dependency=D:\a\mailapp\mailapp\target\release\deps --cap-lints allow`
2025-09-30T00:33:38.2696925Z [1m[32m     Running[0m `C:\Users\runneradmin\.rustup\toolchains\stable-x86_64-pc-windows-msvc\bin\rustc.exe --crate-name windows_x86_64_msvc --edition=2021 C:\Users\runneradmin\.cargo\registry\src\index.crates.io-1949cf8c6b5b557f\windows_x86_64_msvc-0.52.6\src\lib.rs --error-format=json --json=diagnostic-rendered-ansi,artifacts,future-incompat --crate-type lib --emit=dep-info,metadata,link -C opt-level=3 -C embed-bitcode=no --check-cfg cfg(docsrs,test) --check-cfg "cfg(feature, values())" -C metadata=161356fbad44aa48 -C extra-filename=-9d063d23c20f2a3a --out-dir D:\a\mailapp\mailapp\target\release\deps -C strip=debuginfo -L dependency=D:\a\mailapp\mailapp\target\release\deps --cap-lints allow -L native=C:\Users\runneradmin\.cargo\registry\src\index.crates.io-1949cf8c6b5b557f\windows_x86_64_msvc-0.52.6\lib`
2025-09-30T00:33:38.3361881Z [1m[32m   Compiling[0m futures-io v0.3.31
2025-09-30T00:33:38.3374549Z [1m[32m     Running[0m `C:\Users\runneradmin\.rustup\toolchains\stable-x86_64-pc-windows-msvc\bin\rustc.exe --crate-name futures_io --edition=2018 C:\Users\runneradmin\.cargo\registry\src\index.crates.io-1949cf8c6b5b557f\futures-io-0.3.31\src\lib.rs --error-format=json --json=diagnostic-rendered-ansi,artifacts,future-incompat --crate-type lib --emit=dep-info,metadata,link -C opt-level=3 -C embed-bitcode=no --warn=unreachable_pub --warn=unexpected_cfgs --warn=single_use_lifetimes --warn=rust_2018_idioms --warn=missing_debug_implementations --check-cfg cfg(futures_sanitizer) --cfg "feature=\"default\"" --cfg "feature=\"std\"" --check-cfg cfg(docsrs,test) --check-cfg "cfg(feature, values(\"default\", \"std\", \"unstable\"))" -C metadata=d79b97c04ae1f12f -C extra-filename=-1631a5a184a8046b --out-dir D:\a\mailapp\mailapp\target\release\deps -C strip=debuginfo -L dependency=D:\a\mailapp\mailapp\target\release\deps --cap-lints allow`
2025-09-30T00:33:38.6060697Z [1m[32m   Compiling[0m windows-targets v0.52.6
2025-09-30T00:33:38.6093871Z [1m[32m     Running[0m `C:\Users\runneradmin\.rustup\toolchains\stable-x86_64-pc-windows-msvc\bin\rustc.exe --crate-name windows_targets --edition=2021 C:\Users\runneradmin\.cargo\registry\src\index.crates.io-1949cf8c6b5b557f\windows-targets-0.52.6\src\lib.rs --error-format=json --json=diagnostic-rendered-ansi,artifacts,future-incompat --crate-type lib --emit=dep-info,metadata,link -C opt-level=3 -C embed-bitcode=no --warn=rust_2018_idioms --warn=unexpected_cfgs --warn=missing_docs --check-cfg "cfg(windows_raw_dylib, windows_debugger_visualizer, windows_slim_errors)" --check-cfg cfg(docsrs,test) --check-cfg "cfg(feature, values())" -C metadata=e11e1ec3849703a2 -C extra-filename=-8277088410c8f977 --out-dir D:\a\mailapp\mailapp\target\release\deps -C strip=debuginfo -L dependency=D:\a\mailapp\mailapp\target\release\deps --extern windows_x86_64_msvc=D:\a\mailapp\mailapp\target\release\deps\libwindows_x86_64_msvc-9d063d23c20f2a3a.rmeta --cap-lints allow -L native=C:\Users\runneradmin\.cargo\registry\src\index.crates.io-1949cf8c6b5b557f\windows_x86_64_msvc-0.52.6\lib`
2025-09-30T00:33:38.6657224Z [1m[32m   Compiling[0m toml_datetime v0.6.3
2025-09-30T00:33:38.6675954Z [1m[32m     Running[0m `C:\Users\runneradmin\.rustup\toolchains\stable-x86_64-pc-windows-msvc\bin\rustc.exe --crate-name toml_datetime --edition=2021 C:\Users\runneradmin\.cargo\registry\src\index.crates.io-1949cf8c6b5b557f\toml_datetime-0.6.3\src\lib.rs --error-format=json --json=diagnostic-rendered-ansi,artifacts,future-incompat --crate-type lib --emit=dep-info,metadata,link -C embed-bitcode=no -C debug-assertions=off --cfg "feature=\"serde\"" --check-cfg cfg(docsrs,test) --check-cfg "cfg(feature, values(\"serde\"))" -C metadata=3cf9158a562665dd -C extra-filename=-f4aa2d27b8c6a1cc --out-dir D:\a\mailapp\mailapp\target\release\deps -C strip=debuginfo -L dependency=D:\a\mailapp\mailapp\target\release\deps --extern serde=D:\a\mailapp\mailapp\target\release\deps\libserde-a9d7688295ac8881.rmeta --cap-lints allow`
2025-09-30T00:33:38.7659583Z [1m[32m   Compiling[0m serde_spanned v0.6.9
2025-09-30T00:33:38.7716022Z [1m[32m     Running[0m `C:\Users\runneradmin\.rustup\toolchains\stable-x86_64-pc-windows-msvc\bin\rustc.exe --crate-name serde_spanned --edition=2021 C:\Users\runneradmin\.cargo\registry\src\index.crates.io-1949cf8c6b5b557f\serde_spanned-0.6.9\src\lib.rs --error-format=json --json=diagnostic-rendered-ansi,artifacts,future-incompat --crate-type lib --emit=dep-info,metadata,link -C embed-bitcode=no --warn=rust_2018_idioms --warn=clippy::zero_sized_map_values --warn=clippy::wildcard_imports --warn=clippy::verbose_file_reads --warn=unused_qualifications --warn=unused_macro_rules --warn=unused_lifetimes --warn=unsafe_op_in_unsafe_fn --warn=unreachable_pub --allow=unnameable_types --warn=clippy::uninlined_format_args --warn=clippy::trait_duplication_in_bounds --warn=clippy::todo --warn=clippy::string_to_string --warn=clippy::string_lit_as_bytes --warn=clippy::string_add_assign --warn=clippy::string_add --warn=clippy::str_to_string --warn=clippy::semicolon_if_nothing_returned --warn=clippy::self_named_module_files --warn=clippy::same_functions_in_if_condition --allow=clippy::result_large_err --warn=clippy::rest_pat_in_fully_bound_structs --warn=clippy::ref_option_ref --warn=clippy::redundant_feature_names --warn=clippy::rc_mutex --warn=clippy::ptr_as_ptr --warn=clippy::path_buf_push_overwrite --warn=clippy::negative_feature_names --warn=clippy::needless_for_each --allow=clippy::needless_continue --warn=clippy::mutex_integer --warn=clippy::mem_forget --warn=clippy::macro_use_imports --warn=clippy::lossy_float_literal --warn=clippy::linkedlist --allow=clippy::let_and_return --warn=clippy::large_types_passed_by_value --warn=clippy::large_stack_arrays --warn=clippy::large_digit_groups --warn=clippy::invalid_upcast_comparisons --warn=clippy::infinite_loop --warn=clippy::inefficient_to_string --warn=clippy::inconsistent_struct_constructor --warn=clippy::imprecise_flops --warn=clippy::implicit_clone --allow=clippy::if_same_then_else --warn=clippy::from_iter_instead_of_collect --warn=clippy::fn_params_excessive_bools --warn=clippy::float_cmp_const --warn=clippy::flat_map_option --warn=clippy::filter_map_next --warn=clippy::fallible_impl_from --warn=clippy::explicit_into_iter_loop --warn=clippy::explicit_deref_methods --warn=clippy::expl_impl_clone_on_copy --warn=clippy::enum_glob_use --warn=clippy::empty_enum --warn=clippy::doc_markdown --warn=clippy::debug_assert_with_mut_call --warn=clippy::dbg_macro --warn=clippy::create_dir --allow=clippy::collapsible_else_if --warn=clippy::checked_conversions --allow=clippy::branches_sharing_code --allow=clippy::bool_assert_comparison -C debug-assertions=off --cfg "feature=\"serde\"" --check-cfg cfg(docsrs,test) --check-cfg "cfg(feature, values(\"serde\"))" -C metadata=3131f82d37654f46 -C extra-filename=-2d0b9d3517dc9e36 --out-dir D:\a\mailapp\mailapp\target\release\deps -C strip=debuginfo -L dependency=D:\a\mailapp\mailapp\target\release\deps --extern serde=D:\a\mailapp\mailapp\target\release\deps\libserde-a9d7688295ac8881.rmeta --cap-lints allow`
2025-09-30T00:33:38.9402396Z [1m[32m   Compiling[0m toml_edit v0.20.2
2025-09-30T00:33:38.9442982Z [1m[32m     Running[0m `C:\Users\runneradmin\.rustup\toolchains\stable-x86_64-pc-windows-msvc\bin\rustc.exe --crate-name toml_edit --edition=2021 C:\Users\runneradmin\.cargo\registry\src\index.crates.io-1949cf8c6b5b557f\toml_edit-0.20.2\src\lib.rs --error-format=json --json=diagnostic-rendered-ansi,artifacts,future-incompat --crate-type lib --emit=dep-info,metadata,link -C embed-bitcode=no -C debug-assertions=off --cfg "feature=\"default\"" --cfg "feature=\"serde\"" --check-cfg cfg(docsrs,test) --check-cfg "cfg(feature, values(\"default\", \"perf\", \"serde\", \"unbounded\"))" -C metadata=6eb9b69f58a7c846 -C extra-filename=-0e289946a543da0d --out-dir D:\a\mailapp\mailapp\target\release\deps -C strip=debuginfo -L dependency=D:\a\mailapp\mailapp\target\release\deps --extern indexmap=D:\a\mailapp\mailapp\target\release\deps\libindexmap-7a60fd60e7b0dfe2.rmeta --extern serde=D:\a\mailapp\mailapp\target\release\deps\libserde-a9d7688295ac8881.rmeta --extern serde_spanned=D:\a\mailapp\mailapp\target\release\deps\libserde_spanned-2d0b9d3517dc9e36.rmeta --extern toml_datetime=D:\a\mailapp\mailapp\target\release\deps\libtoml_datetime-f4aa2d27b8c6a1cc.rmeta --extern winnow=D:\a\mailapp\mailapp\target\release\deps\libwinnow-cf1e861786f9c425.rmeta --cap-lints allow`
2025-09-30T00:33:38.9510696Z [1m[32m   Compiling[0m libc v0.2.176
2025-09-30T00:33:38.9572534Z [1m[32m     Running[0m `C:\Users\runneradmin\.rustup\toolchains\stable-x86_64-pc-windows-msvc\bin\rustc.exe --crate-name build_script_build --edition=2021 C:\Users\runneradmin\.cargo\registry\src\index.crates.io-1949cf8c6b5b557f\libc-0.2.176\build.rs --error-format=json --json=diagnostic-rendered-ansi,artifacts,future-incompat --crate-type bin --emit=dep-info,link -C embed-bitcode=no --allow=clippy::used_underscore_binding --allow=unused_qualifications --warn=clippy::unnecessary_semicolon --allow=clippy::unnecessary_cast --allow=clippy::uninlined_format_args --warn=clippy::ptr_as_ptr --allow=clippy::non_minimal_cfg --allow=clippy::missing_safety_doc --warn=clippy::map_unwrap_or --warn=clippy::manual_assert --allow=clippy::identity_op --warn=clippy::explicit_iter_loop --allow=clippy::expl_impl_clone_on_copy -C debug-assertions=off --cfg "feature=\"default\"" --cfg "feature=\"std\"" --check-cfg cfg(docsrs,test) --check-cfg "cfg(feature, values(\"align\", \"const-extern-fn\", \"default\", \"extra_traits\", \"rustc-dep-of-std\", \"rustc-std-workspace-core\", \"std\", \"use_std\"))" -C metadata=64a1dcc546b79037 -C extra-filename=-5abdf50edffc41d7 --out-dir D:\a\mailapp\mailapp\target\release\build\libc-5abdf50edffc41d7 -C strip=debuginfo -L dependency=D:\a\mailapp\mailapp\target\release\deps --cap-lints allow`
2025-09-30T00:33:39.4778797Z [1m[32m     Running[0m `D:\a\mailapp\mailapp\target\release\build\libc-5abdf50edffc41d7\build-script-build`
2025-09-30T00:33:39.5261053Z [1m[32m     Running[0m `C:\Users\runneradmin\.rustup\toolchains\stable-x86_64-pc-windows-msvc\bin\rustc.exe --crate-name build_script_build --edition=2021 C:\Users\runneradmin\.cargo\registry\src\index.crates.io-1949cf8c6b5b557f\serde_core-1.0.226\build.rs --error-format=json --json=diagnostic-rendered-ansi,artifacts,future-incompat --crate-type bin --emit=dep-info,link -C embed-bitcode=no -C debug-assertions=off --cfg "feature=\"alloc\"" --cfg "feature=\"result\"" --cfg "feature=\"std\"" --check-cfg cfg(docsrs,test) --check-cfg "cfg(feature, values(\"alloc\", \"default\", \"rc\", \"result\", \"std\", \"unstable\"))" -C metadata=7f0f46fd147dc97e -C extra-filename=-b220fb18d318e897 --out-dir D:\a\mailapp\mailapp\target\release\build\serde_core-b220fb18d318e897 -C strip=debuginfo -L dependency=D:\a\mailapp\mailapp\target\release\deps --cap-lints allow`
2025-09-30T00:33:39.7427919Z [1m[32m     Running[0m `C:\Users\runneradmin\.rustup\toolchains\stable-x86_64-pc-windows-msvc\bin\rustc.exe --crate-name libc --edition=2021 C:\Users\runneradmin\.cargo\registry\src\index.crates.io-1949cf8c6b5b557f\libc-0.2.176\src\lib.rs --error-format=json --json=diagnostic-rendered-ansi,artifacts,future-incompat --crate-type lib --emit=dep-info,metadata,link -C opt-level=3 -C embed-bitcode=no --allow=clippy::used_underscore_binding --allow=unused_qualifications --warn=clippy::unnecessary_semicolon --allow=clippy::unnecessary_cast --allow=clippy::uninlined_format_args --warn=clippy::ptr_as_ptr --allow=clippy::non_minimal_cfg --allow=clippy::missing_safety_doc --warn=clippy::map_unwrap_or --warn=clippy::manual_assert --allow=clippy::identity_op --warn=clippy::explicit_iter_loop --allow=clippy::expl_impl_clone_on_copy --cfg "feature=\"default\"" --cfg "feature=\"std\"" --check-cfg cfg(docsrs,test) --check-cfg "cfg(feature, values(\"align\", \"const-extern-fn\", \"default\", \"extra_traits\", \"rustc-dep-of-std\", \"rustc-std-workspace-core\", \"std\", \"use_std\"))" -C metadata=96c3e83c793bd15b -C extra-filename=-f05b207d3a79fbc5 --out-dir D:\a\mailapp\mailapp\target\release\deps -C strip=debuginfo -L dependency=D:\a\mailapp\mailapp\target\release\deps --cap-lints allow --cfg freebsd12 --check-cfg cfg(emscripten_old_stat_abi) --check-cfg cfg(espidf_time32) --check-cfg cfg(freebsd10) --check-cfg cfg(freebsd11) --check-cfg cfg(freebsd12) --check-cfg cfg(freebsd13) --check-cfg cfg(freebsd14) --check-cfg cfg(freebsd15) --check-cfg cfg(gnu_file_offset_bits64) --check-cfg cfg(gnu_time_bits64) --check-cfg cfg(libc_deny_warnings) --check-cfg cfg(libc_thread_local) --check-cfg cfg(linux_time_bits64) --check-cfg cfg(musl_v1_2_3) --check-cfg "cfg(target_os,values(\"switch\",\"aix\",\"ohos\",\"hurd\",\"rtems\",\"visionos\",\"nuttx\",\"cygwin\"))" --check-cfg "cfg(target_env,values(\"illumos\",\"wasi\",\"aix\",\"ohos\",\"nto71_iosock\",\"nto80\"))" --check-cfg "cfg(target_arch,values(\"loongarch64\",\"mips32r6\",\"mips64r6\",\"csky\"))"`
2025-09-30T00:33:39.9183938Z [1m[32m   Compiling[0m shlex v1.3.0
2025-09-30T00:33:39.9224029Z [1m[32m     Running[0m `C:\Users\runneradmin\.rustup\toolchains\stable-x86_64-pc-windows-msvc\bin\rustc.exe --crate-name shlex --edition=2015 C:\Users\runneradmin\.cargo\registry\src\index.crates.io-1949cf8c6b5b557f\shlex-1.3.0\src\lib.rs --error-format=json --json=diagnostic-rendered-ansi,artifacts,future-incompat --crate-type lib --emit=dep-info,metadata,link -C embed-bitcode=no -C debug-assertions=off --cfg "feature=\"default\"" --cfg "feature=\"std\"" --check-cfg cfg(docsrs,test) --check-cfg "cfg(feature, values(\"default\", \"std\"))" -C metadata=c0da325576874395 -C extra-filename=-c306238f53f9a1f2 --out-dir D:\a\mailapp\mailapp\target\release\deps -C strip=debuginfo -L dependency=D:\a\mailapp\mailapp\target\release\deps --cap-lints allow`
2025-09-30T00:33:39.9408565Z [1m[32m     Running[0m `D:\a\mailapp\mailapp\target\release\build\serde_core-b220fb18d318e897\build-script-build`
2025-09-30T00:33:39.9883899Z [1m[32m     Running[0m `C:\Users\runneradmin\.rustup\toolchains\stable-x86_64-pc-windows-msvc\bin\rustc.exe --crate-name serde_core --edition=2021 C:\Users\runneradmin\.cargo\registry\src\index.crates.io-1949cf8c6b5b557f\serde_core-1.0.226\src\lib.rs --error-format=json --json=diagnostic-rendered-ansi,artifacts,future-incompat --crate-type lib --emit=dep-info,metadata,link -C opt-level=3 -C embed-bitcode=no --cfg "feature=\"alloc\"" --cfg "feature=\"result\"" --cfg "feature=\"std\"" --check-cfg cfg(docsrs,test) --check-cfg "cfg(feature, values(\"alloc\", \"default\", \"rc\", \"result\", \"std\", \"unstable\"))" -C metadata=24289eb4fbaebac0 -C extra-filename=-cf5fdfcdec983ab4 --out-dir D:\a\mailapp\mailapp\target\release\deps -C strip=debuginfo -L dependency=D:\a\mailapp\mailapp\target\release\deps --cap-lints allow --check-cfg cfg(no_core_cstr) --check-cfg cfg(no_core_error) --check-cfg cfg(no_core_net) --check-cfg cfg(no_core_num_saturating) --check-cfg cfg(no_diagnostic_namespace) --check-cfg cfg(no_serde_derive) --check-cfg cfg(no_std_atomic) --check-cfg cfg(no_std_atomic64) --check-cfg cfg(no_target_has_atomic)`
2025-09-30T00:33:40.1528547Z [1m[32m   Compiling[0m slab v0.4.11
2025-09-30T00:33:40.1568045Z [1m[32m     Running[0m `C:\Users\runneradmin\.rustup\toolchains\stable-x86_64-pc-windows-msvc\bin\rustc.exe --crate-name slab --edition=2018 C:\Users\runneradmin\.cargo\registry\src\index.crates.io-1949cf8c6b5b557f\slab-0.4.11\src\lib.rs --error-format=json --json=diagnostic-rendered-ansi,artifacts,future-incompat --crate-type lib --emit=dep-info,metadata,link -C opt-level=3 -C embed-bitcode=no --cfg "feature=\"default\"" --cfg "feature=\"std\"" --check-cfg cfg(docsrs,test) --check-cfg "cfg(feature, values(\"default\", \"serde\", \"std\"))" -C metadata=8195eef19765cf58 -C extra-filename=-ffcd5261d23e436c --out-dir D:\a\mailapp\mailapp\target\release\deps -C strip=debuginfo -L dependency=D:\a\mailapp\mailapp\target\release\deps --cap-lints allow`
2025-09-30T00:33:40.4076133Z [1m[32m   Compiling[0m find-msvc-tools v0.1.2
2025-09-30T00:33:40.4114592Z [1m[32m     Running[0m `C:\Users\runneradmin\.rustup\toolchains\stable-x86_64-pc-windows-msvc\bin\rustc.exe --crate-name find_msvc_tools --edition=2018 C:\Users\runneradmin\.cargo\registry\src\index.crates.io-1949cf8c6b5b557f\find-msvc-tools-0.1.2\src\lib.rs --error-format=json --json=diagnostic-rendered-ansi,artifacts,future-incompat --crate-type lib --emit=dep-info,metadata,link -C embed-bitcode=no --allow=unexpected_cfgs --check-cfg cfg(disable_clang_cl_tests) -C debug-assertions=off --check-cfg cfg(docsrs,test) --check-cfg "cfg(feature, values())" -C metadata=e10525a38f065b75 -C extra-filename=-1e8e482c4e2db44f --out-dir D:\a\mailapp\mailapp\target\release\deps -C strip=debuginfo -L dependency=D:\a\mailapp\mailapp\target\release\deps --cap-lints allow`
2025-09-30T00:33:41.6892051Z [1m[32m   Compiling[0m toml v0.8.2
2025-09-30T00:33:41.6932508Z [1m[32m     Running[0m `C:\Users\runneradmin\.rustup\toolchains\stable-x86_64-pc-windows-msvc\bin\rustc.exe --crate-name toml --edition=2021 C:\Users\runneradmin\.cargo\registry\src\index.crates.io-1949cf8c6b5b557f\toml-0.8.2\src\lib.rs --error-format=json --json=diagnostic-rendered-ansi,artifacts,future-incompat --crate-type lib --emit=dep-info,metadata,link -C embed-bitcode=no -C debug-assertions=off --cfg "feature=\"parse\"" --check-cfg cfg(docsrs,test) --check-cfg "cfg(feature, values(\"default\", \"display\", \"indexmap\", \"parse\", \"preserve_order\"))" -C metadata=c33301837c70f50b -C extra-filename=-84edd9a75b9aa30b --out-dir D:\a\mailapp\mailapp\target\release\deps -C strip=debuginfo -L dependency=D:\a\mailapp\mailapp\target\release\deps --extern serde=D:\a\mailapp\mailapp\target\release\deps\libserde-a9d7688295ac8881.rmeta --extern serde_spanned=D:\a\mailapp\mailapp\target\release\deps\libserde_spanned-2d0b9d3517dc9e36.rmeta --extern toml_datetime=D:\a\mailapp\mailapp\target\release\deps\libtoml_datetime-f4aa2d27b8c6a1cc.rmeta --extern toml_edit=D:\a\mailapp\mailapp\target\release\deps\libtoml_edit-0e289946a543da0d.rmeta --cap-lints allow`
2025-09-30T00:33:42.6587471Z [1m[32m   Compiling[0m system-deps v6.2.2
2025-09-30T00:33:42.6631514Z [1m[32m     Running[0m `C:\Users\runneradmin\.rustup\toolchains\stable-x86_64-pc-windows-msvc\bin\rustc.exe --crate-name system_deps --edition=2018 C:\Users\runneradmin\.cargo\registry\src\index.crates.io-1949cf8c6b5b557f\system-deps-6.2.2\src\lib.rs --error-format=json --json=diagnostic-rendered-ansi,artifacts,future-incompat --crate-type lib --emit=dep-info,metadata,link -C embed-bitcode=no -C debug-assertions=off --check-cfg cfg(docsrs,test) --check-cfg "cfg(feature, values())" -C metadata=70a404af21f1f30d -C extra-filename=-8cdc3e53907b55d2 --out-dir D:\a\mailapp\mailapp\target\release\deps -C strip=debuginfo -L dependency=D:\a\mailapp\mailapp\target\release\deps --extern cfg_expr=D:\a\mailapp\mailapp\target\release\deps\libcfg_expr-8671266451c89641.rmeta --extern heck=D:\a\mailapp\mailapp\target\release\deps\libheck-0d7331e6f96820f3.rmeta --extern pkg_config=D:\a\mailapp\mailapp\target\release\deps\libpkg_config-a628d02902df465f.rmeta --extern toml=D:\a\mailapp\mailapp\target\release\deps\libtoml-84edd9a75b9aa30b.rmeta --extern version_compare=D:\a\mailapp\mailapp\target\release\deps\libversion_compare-35f9d36f8884250f.rmeta --cap-lints allow`
2025-09-30T00:33:43.9229329Z [1m[32m   Compiling[0m cc v1.2.38
2025-09-30T00:33:43.9259479Z [1m[32m     Running[0m `C:\Users\runneradmin\.rustup\toolchains\stable-x86_64-pc-windows-msvc\bin\rustc.exe --crate-name cc --edition=2018 C:\Users\runneradmin\.cargo\registry\src\index.crates.io-1949cf8c6b5b557f\cc-1.2.38\src\lib.rs --error-format=json --json=diagnostic-rendered-ansi,artifacts,future-incompat --crate-type lib --emit=dep-info,metadata,link -C embed-bitcode=no --allow=unexpected_cfgs --check-cfg cfg(disable_clang_cl_tests) -C debug-assertions=off --check-cfg cfg(docsrs,test) --check-cfg "cfg(feature, values(\"jobserver\", \"parallel\"))" -C metadata=57157fbb0cc5d7ba -C extra-filename=-80e34a0eadda93ee --out-dir D:\a\mailapp\mailapp\target\release\deps -C strip=debuginfo -L dependency=D:\a\mailapp\mailapp\target\release\deps --extern find_msvc_tools=D:\a\mailapp\mailapp\target\release\deps\libfind_msvc_tools-1e8e482c4e2db44f.rmeta --extern shlex=D:\a\mailapp\mailapp\target\release\deps\libshlex-c306238f53f9a1f2.rmeta --cap-lints allow`
2025-09-30T00:33:43.9834342Z [1m[32m   Compiling[0m futures-sink v0.3.31
2025-09-30T00:33:43.9862641Z [1m[32m     Running[0m `C:\Users\runneradmin\.rustup\toolchains\stable-x86_64-pc-windows-msvc\bin\rustc.exe --crate-name futures_sink --edition=2018 C:\Users\runneradmin\.cargo\registry\src\index.crates.io-1949cf8c6b5b557f\futures-sink-0.3.31\src\lib.rs --error-format=json --json=diagnostic-rendered-ansi,artifacts,future-incompat --crate-type lib --emit=dep-info,metadata,link -C opt-level=3 -C embed-bitcode=no --warn=unreachable_pub --warn=unexpected_cfgs --warn=single_use_lifetimes --warn=rust_2018_idioms --warn=missing_debug_implementations --check-cfg cfg(futures_sanitizer) --cfg "feature=\"alloc\"" --cfg "feature=\"default\"" --cfg "feature=\"std\"" --check-cfg cfg(docsrs,test) --check-cfg "cfg(feature, values(\"alloc\", \"default\", \"std\"))" -C metadata=0aeace81ea02b89b -C extra-filename=-80bae878d2eb6d3a --out-dir D:\a\mailapp\mailapp\target\release\deps -C strip=debuginfo -L dependency=D:\a\mailapp\mailapp\target\release\deps --cap-lints allow`
2025-09-30T00:33:44.0929467Z [1m[32m   Compiling[0m syn v1.0.109
2025-09-30T00:33:44.0975506Z [1m[32m     Running[0m `C:\Users\runneradmin\.rustup\toolchains\stable-x86_64-pc-windows-msvc\bin\rustc.exe --crate-name build_script_build --edition=2018 C:\Users\runneradmin\.cargo\registry\src\index.crates.io-1949cf8c6b5b557f\syn-1.0.109\build.rs --error-format=json --json=diagnostic-rendered-ansi,artifacts,future-incompat --crate-type bin --emit=dep-info,link -C embed-bitcode=no -C debug-assertions=off --cfg "feature=\"clone-impls\"" --cfg "feature=\"default\"" --cfg "feature=\"derive\"" --cfg "feature=\"extra-traits\"" --cfg "feature=\"fold\"" --cfg "feature=\"full\"" --cfg "feature=\"parsing\"" --cfg "feature=\"printing\"" --cfg "feature=\"proc-macro\"" --cfg "feature=\"quote\"" --cfg "feature=\"visit\"" --check-cfg cfg(docsrs,test) --check-cfg "cfg(feature, values(\"clone-impls\", \"default\", \"derive\", \"extra-traits\", \"fold\", \"full\", \"parsing\", \"printing\", \"proc-macro\", \"quote\", \"test\", \"visit\", \"visit-mut\"))" -C metadata=9b8db71f5e619f5a -C extra-filename=-df716f337a0d38e0 --out-dir D:\a\mailapp\mailapp\target\release\build\syn-df716f337a0d38e0 -C strip=debuginfo -L dependency=D:\a\mailapp\mailapp\target\release\deps --cap-lints allow`
2025-09-30T00:33:44.3270908Z [1m[32m   Compiling[0m pin-utils v0.1.0
2025-09-30T00:33:44.3284390Z [1m[32m     Running[0m `C:\Users\runneradmin\.rustup\toolchains\stable-x86_64-pc-windows-msvc\bin\rustc.exe --crate-name pin_utils --edition=2018 C:\Users\runneradmin\.cargo\registry\src\index.crates.io-1949cf8c6b5b557f\pin-utils-0.1.0\src\lib.rs --error-format=json --json=diagnostic-rendered-ansi,artifacts,future-incompat --crate-type lib --emit=dep-info,metadata,link -C opt-level=3 -C embed-bitcode=no --check-cfg cfg(docsrs,test) --check-cfg "cfg(feature, values())" -C metadata=fcdd458b2ebaa59f -C extra-filename=-49282dfd8be9f385 --out-dir D:\a\mailapp\mailapp\target\release\deps -C strip=debuginfo -L dependency=D:\a\mailapp\mailapp\target\release\deps --cap-lints allow`
2025-09-30T00:33:44.3289641Z [1m[32m   Compiling[0m futures-macro v0.3.31
2025-09-30T00:33:44.3308235Z [1m[32m     Running[0m `C:\Users\runneradmin\.rustup\toolchains\stable-x86_64-pc-windows-msvc\bin\rustc.exe --crate-name futures_macro --edition=2018 C:\Users\runneradmin\.cargo\registry\src\index.crates.io-1949cf8c6b5b557f\futures-macro-0.3.31\src\lib.rs --error-format=json --json=diagnostic-rendered-ansi,artifacts,future-incompat --crate-type proc-macro --emit=dep-info,link -C prefer-dynamic -C embed-bitcode=no --warn=unreachable_pub --warn=unexpected_cfgs --warn=single_use_lifetimes --warn=rust_2018_idioms --warn=missing_debug_implementations --check-cfg cfg(futures_sanitizer) -C debug-assertions=off --check-cfg cfg(docsrs,test) --check-cfg "cfg(feature, values())" -C metadata=d85cc59b80a2f899 -C extra-filename=-6b45a1455ebf5ae8 --out-dir D:\a\mailapp\mailapp\target\release\deps -C strip=debuginfo -L dependency=D:\a\mailapp\mailapp\target\release\deps --extern proc_macro2=D:\a\mailapp\mailapp\target\release\deps\libproc_macro2-be860f904a387c07.rlib --extern quote=D:\a\mailapp\mailapp\target\release\deps\libquote-d13d79707cb75e99.rlib --extern syn=D:\a\mailapp\mailapp\target\release\deps\libsyn-eecbe7198f1dafdf.rlib --extern proc_macro --cap-lints allow`
2025-09-30T00:33:44.4158036Z [1m[32m   Compiling[0m futures-channel v0.3.31
2025-09-30T00:33:44.4184053Z [1m[32m     Running[0m `C:\Users\runneradmin\.rustup\toolchains\stable-x86_64-pc-windows-msvc\bin\rustc.exe --crate-name futures_channel --edition=2018 C:\Users\runneradmin\.cargo\registry\src\index.crates.io-1949cf8c6b5b557f\futures-channel-0.3.31\src\lib.rs --error-format=json --json=diagnostic-rendered-ansi,artifacts,future-incompat --crate-type lib --emit=dep-info,metadata,link -C opt-level=3 -C embed-bitcode=no --warn=unreachable_pub --warn=unexpected_cfgs --warn=single_use_lifetimes --warn=rust_2018_idioms --warn=missing_debug_implementations --check-cfg cfg(futures_sanitizer) --cfg "feature=\"alloc\"" --cfg "feature=\"default\"" --cfg "feature=\"futures-sink\"" --cfg "feature=\"sink\"" --cfg "feature=\"std\"" --check-cfg cfg(docsrs,test) --check-cfg "cfg(feature, values(\"alloc\", \"cfg-target-has-atomic\", \"default\", \"futures-sink\", \"sink\", \"std\", \"unstable\"))" -C metadata=8065585889795571 -C extra-filename=-a9596ec59895e1e2 --out-dir D:\a\mailapp\mailapp\target\release\deps -C strip=debuginfo -L dependency=D:\a\mailapp\mailapp\target\release\deps --extern futures_core=D:\a\mailapp\mailapp\target\release\deps\libfutures_core-d91ae193cab9626a.rmeta --extern futures_sink=D:\a\mailapp\mailapp\target\release\deps\libfutures_sink-80bae878d2eb6d3a.rmeta --cap-lints allow`
2025-09-30T00:33:44.4934206Z [1m[32m     Running[0m `D:\a\mailapp\mailapp\target\release\build\syn-df716f337a0d38e0\build-script-build`
2025-09-30T00:33:44.5373275Z [1m[32m     Running[0m `C:\Users\runneradmin\.rustup\toolchains\stable-x86_64-pc-windows-msvc\bin\rustc.exe --crate-name syn --edition=2018 C:\Users\runneradmin\.cargo\registry\src\index.crates.io-1949cf8c6b5b557f\syn-1.0.109\src\lib.rs --error-format=json --json=diagnostic-rendered-ansi,artifacts,future-incompat --crate-type lib --emit=dep-info,metadata,link -C embed-bitcode=no -C debug-assertions=off --cfg "feature=\"clone-impls\"" --cfg "feature=\"default\"" --cfg "feature=\"derive\"" --cfg "feature=\"extra-traits\"" --cfg "feature=\"fold\"" --cfg "feature=\"full\"" --cfg "feature=\"parsing\"" --cfg "feature=\"printing\"" --cfg "feature=\"proc-macro\"" --cfg "feature=\"quote\"" --cfg "feature=\"visit\"" --check-cfg cfg(docsrs,test) --check-cfg "cfg(feature, values(\"clone-impls\", \"default\", \"derive\", \"extra-traits\", \"fold\", \"full\", \"parsing\", \"printing\", \"proc-macro\", \"quote\", \"test\", \"visit\", \"visit-mut\"))" -C metadata=44684aabd54029ae -C extra-filename=-f0773b975ab297fd --out-dir D:\a\mailapp\mailapp\target\release\deps -C strip=debuginfo -L dependency=D:\a\mailapp\mailapp\target\release\deps --extern proc_macro2=D:\a\mailapp\mailapp\target\release\deps\libproc_macro2-be860f904a387c07.rmeta --extern quote=D:\a\mailapp\mailapp\target\release\deps\libquote-d13d79707cb75e99.rmeta --extern unicode_ident=D:\a\mailapp\mailapp\target\release\deps\libunicode_ident-1120f09d5d370f7b.rmeta --cap-lints allow --cfg syn_disable_nightly_tests`
2025-09-30T00:33:44.7570236Z [1m[32m   Compiling[0m futures-task v0.3.31
2025-09-30T00:33:44.7610580Z [1m[32m     Running[0m `C:\Users\runneradmin\.rustup\toolchains\stable-x86_64-pc-windows-msvc\bin\rustc.exe --crate-name futures_task --edition=2018 C:\Users\runneradmin\.cargo\registry\src\index.crates.io-1949cf8c6b5b557f\futures-task-0.3.31\src\lib.rs --error-format=json --json=diagnostic-rendered-ansi,artifacts,future-incompat --crate-type lib --emit=dep-info,metadata,link -C opt-level=3 -C embed-bitcode=no --warn=unreachable_pub --warn=unexpected_cfgs --warn=single_use_lifetimes --warn=rust_2018_idioms --warn=missing_debug_implementations --check-cfg cfg(futures_sanitizer) --cfg "feature=\"alloc\"" --cfg "feature=\"std\"" --check-cfg cfg(docsrs,test) --check-cfg "cfg(feature, values(\"alloc\", \"cfg-target-has-atomic\", \"default\", \"std\", \"unstable\"))" -C metadata=968cc69443e9dd4b -C extra-filename=-8e4f96da1e589176 --out-dir D:\a\mailapp\mailapp\target\release\deps -C strip=debuginfo -L dependency=D:\a\mailapp\mailapp\target\release\deps --cap-lints allow`
2025-09-30T00:33:44.9596146Z [1m[32m   Compiling[0m windows-link v0.2.0
2025-09-30T00:33:44.9642496Z [1m[32m     Running[0m `C:\Users\runneradmin\.rustup\toolchains\stable-x86_64-pc-windows-msvc\bin\rustc.exe --crate-name windows_link --edition=2021 C:\Users\runneradmin\.cargo\registry\src\index.crates.io-1949cf8c6b5b557f\windows-link-0.2.0\src\lib.rs --error-format=json --json=diagnostic-rendered-ansi,artifacts,future-incompat --crate-type lib --emit=dep-info,metadata,link -C opt-level=3 -C embed-bitcode=no --warn=unexpected_cfgs --warn=missing_unsafe_on_extern --check-cfg "cfg(windows_raw_dylib, windows_slim_errors)" --check-cfg cfg(docsrs,test) --check-cfg "cfg(feature, values())" -C metadata=19e511d8c1b4f170 -C extra-filename=-ea0f62299b8e0fa0 --out-dir D:\a\mailapp\mailapp\target\release\deps -C strip=debuginfo -L dependency=D:\a\mailapp\mailapp\target\release\deps --cap-lints allow`
2025-09-30T00:33:45.0305756Z [1m[32m     Running[0m `C:\Users\runneradmin\.rustup\toolchains\stable-x86_64-pc-windows-msvc\bin\rustc.exe --crate-name build_script_build --edition=2021 C:\Users\runneradmin\.cargo\registry\src\index.crates.io-1949cf8c6b5b557f\serde-1.0.226\build.rs --error-format=json --json=diagnostic-rendered-ansi,artifacts,future-incompat --crate-type bin --emit=dep-info,link -C embed-bitcode=no -C debug-assertions=off --cfg "feature=\"alloc\"" --cfg "feature=\"default\"" --cfg "feature=\"derive\"" --cfg "feature=\"serde_derive\"" --cfg "feature=\"std\"" --check-cfg cfg(docsrs,test) --check-cfg "cfg(feature, values(\"alloc\", \"default\", \"derive\", \"rc\", \"serde_derive\", \"std\", \"unstable\"))" -C metadata=56fd055b4012b4ac -C extra-filename=-700933407768e2af --out-dir D:\a\mailapp\mailapp\target\release\build\serde-700933407768e2af -C strip=debuginfo -L dependency=D:\a\mailapp\mailapp\target\release\deps --cap-lints allow`
2025-09-30T00:33:45.4560513Z [1m[32m     Running[0m `D:\a\mailapp\mailapp\target\release\build\serde-700933407768e2af\build-script-build`
2025-09-30T00:33:45.4962734Z [1m[32m   Compiling[0m serde_derive v1.0.226
2025-09-30T00:33:45.5006596Z [1m[32m     Running[0m `C:\Users\runneradmin\.rustup\toolchains\stable-x86_64-pc-windows-msvc\bin\rustc.exe --crate-name serde_derive --edition=2021 C:\Users\runneradmin\.cargo\registry\src\index.crates.io-1949cf8c6b5b557f\serde_derive-1.0.226\src\lib.rs --error-format=json --json=diagnostic-rendered-ansi,artifacts,future-incompat --crate-type proc-macro --emit=dep-info,link -C prefer-dynamic -C embed-bitcode=no -C debug-assertions=off --cfg "feature=\"default\"" --check-cfg cfg(docsrs,test) --check-cfg "cfg(feature, values(\"default\", \"deserialize_in_place\"))" -C metadata=4aec9630da455332 -C extra-filename=-35146d214092656d --out-dir D:\a\mailapp\mailapp\target\release\deps -C strip=debuginfo -L dependency=D:\a\mailapp\mailapp\target\release\deps --extern proc_macro2=D:\a\mailapp\mailapp\target\release\deps\libproc_macro2-be860f904a387c07.rlib --extern quote=D:\a\mailapp\mailapp\target\release\deps\libquote-d13d79707cb75e99.rlib --extern syn=D:\a\mailapp\mailapp\target\release\deps\libsyn-eecbe7198f1dafdf.rlib --extern proc_macro --cap-lints allow`
2025-09-30T00:33:45.7053711Z [1m[32m   Compiling[0m futures-util v0.3.31
2025-09-30T00:33:45.7103413Z [1m[32m     Running[0m `C:\Users\runneradmin\.rustup\toolchains\stable-x86_64-pc-windows-msvc\bin\rustc.exe --crate-name futures_util --edition=2018 C:\Users\runneradmin\.cargo\registry\src\index.crates.io-1949cf8c6b5b557f\futures-util-0.3.31\src\lib.rs --error-format=json --json=diagnostic-rendered-ansi,artifacts,future-incompat --crate-type lib --emit=dep-info,metadata,link -C opt-level=3 -C embed-bitcode=no --warn=unreachable_pub --warn=unexpected_cfgs --warn=single_use_lifetimes --warn=rust_2018_idioms --warn=missing_debug_implementations --check-cfg cfg(futures_sanitizer) --cfg "feature=\"alloc\"" --cfg "feature=\"async-await\"" --cfg "feature=\"async-await-macro\"" --cfg "feature=\"channel\"" --cfg "feature=\"default\"" --cfg "feature=\"futures-channel\"" --cfg "feature=\"futures-io\"" --cfg "feature=\"futures-macro\"" --cfg "feature=\"futures-sink\"" --cfg "feature=\"io\"" --cfg "feature=\"memchr\"" --cfg "feature=\"sink\"" --cfg "feature=\"slab\"" --cfg "feature=\"std\"" --check-cfg cfg(docsrs,test) --check-cfg "cfg(feature, values(\"alloc\", \"async-await\", \"async-await-macro\", \"bilock\", \"cfg-target-has-atomic\", \"channel\", \"compat\", \"default\", \"futures-channel\", \"futures-io\", \"futures-macro\", \"futures-sink\", \"futures_01\", \"io\", \"io-compat\", \"memchr\", \"portable-atomic\", \"sink\", \"slab\", \"std\", \"tokio-io\", \"unstable\", \"write-all-vectored\"))" -C metadata=001a1f95509e1455 -C extra-filename=-c37d945c41015d29 --out-dir D:\a\mailapp\mailapp\target\release\deps -C strip=debuginfo -L dependency=D:\a\mailapp\mailapp\target\release\deps --extern futures_channel=D:\a\mailapp\mailapp\target\release\deps\libfutures_channel-a9596ec59895e1e2.rmeta --extern futures_core=D:\a\mailapp\mailapp\target\release\deps\libfutures_core-d91ae193cab9626a.rmeta --extern futures_io=D:\a\mailapp\mailapp\target\release\deps\libfutures_io-1631a5a184a8046b.rmeta --extern futures_macro=D:\a\mailapp\mailapp\target\release\deps\futures_macro-6b45a1455ebf5ae8.dll --extern futures_sink=D:\a\mailapp\mailapp\target\release\deps\libfutures_sink-80bae878d2eb6d3a.rmeta --extern futures_task=D:\a\mailapp\mailapp\target\release\deps\libfutures_task-8e4f96da1e589176.rmeta --extern memchr=D:\a\mailapp\mailapp\target\release\deps\libmemchr-3b8eeb1c0a9accb9.rmeta --extern pin_project_lite=D:\a\mailapp\mailapp\target\release\deps\libpin_project_lite-84feddfb81e84f1a.rmeta --extern pin_utils=D:\a\mailapp\mailapp\target\release\deps\libpin_utils-49282dfd8be9f385.rmeta --extern slab=D:\a\mailapp\mailapp\target\release\deps\libslab-ffcd5261d23e436c.rmeta --cap-lints allow`
2025-09-30T00:33:46.2234914Z [1m[32m   Compiling[0m windows-sys v0.59.0
2025-09-30T00:33:46.2323749Z [1m[32m     Running[0m `C:\Users\runneradmin\.rustup\toolchains\stable-x86_64-pc-windows-msvc\bin\rustc.exe --crate-name windows_sys --edition=2021 C:\Users\runneradmin\.cargo\registry\src\index.crates.io-1949cf8c6b5b557f\windows-sys-0.59.0\src\lib.rs --error-format=json --json=diagnostic-rendered-ansi,artifacts,future-incompat --crate-type lib --emit=dep-info,metadata,link -C opt-level=3 -C embed-bitcode=no --warn=rust_2018_idioms --warn=unexpected_cfgs --warn=missing_docs --check-cfg "cfg(windows_raw_dylib, windows_debugger_visualizer, windows_slim_errors)" --cfg "feature=\"Wdk\"" --cfg "feature=\"Wdk_Foundation\"" --cfg "feature=\"Wdk_Storage\"" --cfg "feature=\"Wdk_Storage_FileSystem\"" --cfg "feature=\"Wdk_System\"" --cfg "feature=\"Wdk_System_IO\"" --cfg "feature=\"Win32\"" --cfg "feature=\"Win32_Foundation\"" --cfg "feature=\"Win32_Networking\"" --cfg "feature=\"Win32_Networking_WinSock\"" --cfg "feature=\"Win32_Security\"" --cfg "feature=\"Win32_Storage\"" --cfg "feature=\"Win32_Storage_FileSystem\"" --cfg "feature=\"Win32_System\"" --cfg "feature=\"Win32_System_Com\"" --cfg "feature=\"Win32_System_Console\"" --cfg "feature=\"Win32_System_IO\"" --cfg "feature=\"Win32_System_Memory\"" --cfg "feature=\"Win32_System_Pipes\"" --cfg "feature=\"Win32_System_SystemServices\"" --cfg "feature=\"Win32_System_Threading\"" --cfg "feature=\"Win32_System_WindowsProgramming\"" --cfg "feature=\"Win32_UI\"" --cfg "feature=\"Win32_UI_Shell\"" --cfg "feature=\"default\"" --check-cfg cfg(docsrs,test) --check-cfg "cfg(feature, values(\"Wdk\", \"Wdk_Devices\", \"Wdk_Devices_Bluetooth\", \"Wdk_Devices_HumanInterfaceDevice\", \"Wdk_Foundation\", \"Wdk_Graphics\", \"Wdk_Graphics_Direct3D\", \"Wdk_NetworkManagement\", \"Wdk_NetworkManagement_Ndis\", \"Wdk_NetworkManagement_WindowsFilteringPlatform\", \"Wdk_Storage\", \"Wdk_Storage_FileSystem\", \"Wdk_Storage_FileSystem_Minifilters\", \"Wdk_System\", \"Wdk_System_IO\", \"Wdk_System_Memory\", \"Wdk_System_OfflineRegistry\", \"Wdk_System_Registry\", \"Wdk_System_SystemInformation\", \"Wdk_System_SystemServices\", \"Wdk_System_Threading\", \"Win32\", \"Win32_Data\", \"Win32_Data_HtmlHelp\", \"Win32_Data_RightsManagement\", \"Win32_Devices\", \"Win32_Devices_AllJoyn\", \"Win32_Devices_BiometricFramework\", \"Win32_Devices_Bluetooth\", \"Win32_Devices_Communication\", \"Win32_Devices_DeviceAndDriverInstallation\", \"Win32_Devices_DeviceQuery\", \"Win32_Devices_Display\", \"Win32_Devices_Enumeration\", \"Win32_Devices_Enumeration_Pnp\", \"Win32_Devices_Fax\", \"Win32_Devices_HumanInterfaceDevice\", \"Win32_Devices_PortableDevices\", \"Win32_Devices_Properties\", \"Win32_Devices_Pwm\", \"Win32_Devices_Sensors\", \"Win32_Devices_SerialCommunication\", \"Win32_Devices_Tapi\", \"Win32_Devices_Usb\", \"Win32_Devices_WebServicesOnDevices\", \"Win32_Foundation\", \"Win32_Gaming\", \"Win32_Globalization\", \"Win32_Graphics\", \"Win32_Graphics_Dwm\", \"Win32_Graphics_Gdi\", \"Win32_Graphics_GdiPlus\", \"Win32_Graphics_Hlsl\", \"Win32_Graphics_OpenGL\", \"Win32_Graphics_Printing\", \"Win32_Graphics_Printing_PrintTicket\", \"Win32_Management\", \"Win32_Management_MobileDeviceManagementRegistration\", \"Win32_Media\", \"Win32_Media_Audio\", \"Win32_Media_DxMediaObjects\", \"Win32_Media_KernelStreaming\", \"Win32_Media_Multimedia\", \"Win32_Media_Streaming\", \"Win32_Media_WindowsMediaFormat\", \"Win32_NetworkManagement\", \"Win32_NetworkManagement_Dhcp\", \"Win32_NetworkManagement_Dns\", \"Win32_NetworkManagement_InternetConnectionWizard\", \"Win32_NetworkManagement_IpHelper\", \"Win32_NetworkManagement_Multicast\", \"Win32_NetworkManagement_Ndis\", \"Win32_NetworkManagement_NetBios\", \"Win32_NetworkManagement_NetManagement\", \"Win32_NetworkManagement_NetShell\", \"Win32_NetworkManagement_NetworkDiagnosticsFramework\", \"Win32_NetworkManagement_P2P\", \"Win32_NetworkManagement_QoS\", \"Win32_NetworkManagement_Rras\", \"Win32_NetworkManagement_Snmp\", \"Win32_NetworkManagement_WNet\", \"Win32_NetworkManagement_WebDav\", \"Win32_NetworkManagement_WiFi\", \"Win32_NetworkManagement_WindowsConnectionManager\", \"Win32_NetworkManagement_WindowsFilteringPlatform\", \"Win32_NetworkManagement_WindowsFirewall\", \"Win32_NetworkManagement_WindowsNetworkVirtualization\", \"Win32_Networking\", \"Win32_Networking_ActiveDirectory\", \"Win32_Networking_Clustering\", \"Win32_Networking_HttpServer\", \"Win32_Networking_Ldap\", \"Win32_Networking_WebSocket\", \"Win32_Networking_WinHttp\", \"Win32_Networking_WinInet\", \"Win32_Networking_WinSock\", \"Win32_Networking_WindowsWebServices\", \"Win32_Security\", \"Win32_Security_AppLocker\", \"Win32_Security_Authentication\", \"Win32_Security_Authentication_Identity\", \"Win32_Security_Authorization\", \"Win32_Security_Credentials\", \"Win32_Security_Cryptography\", \"Win32_Security_Cryptography_Catalog\", \"Win32_Security_Cryptography_Certificates\", \"Win32_Security_Cryptography_Sip\", \"Win32_Security_Cryptography_UI\", \"Win32_Security_DiagnosticDataQuery\", \"Win32_Security_DirectoryServices\", \"Win32_Security_EnterpriseData\", \"Win32_Security_ExtensibleAuthenticationProtocol\", \"Win32_Security_Isolation\", \"Win32_Security_LicenseProtection\", \"Win32_Security_NetworkAccessProtection\", \"Win32_Security_WinTrust\", \"Win32_Security_WinWlx\", \"Win32_Storage\", \"Win32_Storage_Cabinets\", \"Win32_Storage_CloudFilters\", \"Win32_Storage_Compression\", \"Win32_Storage_DistributedFileSystem\", \"Win32_Storage_FileHistory\", \"Win32_Storage_FileSystem\", \"Win32_Storage_Imapi\", \"Win32_Storage_IndexServer\", \"Win32_Storage_InstallableFileSystems\", \"Win32_Storage_IscsiDisc\", \"Win32_Storage_Jet\", \"Win32_Storage_Nvme\", \"Win32_Storage_OfflineFiles\", \"Win32_Storage_OperationRecorder\", \"Win32_Storage_Packaging\", \"Win32_Storage_Packaging_Appx\", \"Win32_Storage_ProjectedFileSystem\", \"Win32_Storage_StructuredStorage\", \"Win32_Storage_Vhd\", \"Win32_Storage_Xps\", \"Win32_System\", \"Win32_System_AddressBook\", \"Win32_System_Antimalware\", \"Win32_System_ApplicationInstallationAndServicing\", \"Win32_System_ApplicationVerifier\", \"Win32_System_ClrHosting\", \"Win32_System_Com\", \"Win32_System_Com_Marshal\", \"Win32_System_Com_StructuredStorage\", \"Win32_System_Com_Urlmon\", \"Win32_System_ComponentServices\", \"Win32_System_Console\", \"Win32_System_CorrelationVector\", \"Win32_System_DataExchange\", \"Win32_System_DeploymentServices\", \"Win32_System_DeveloperLicensing\", \"Win32_System_Diagnostics\", \"Win32_System_Diagnostics_Ceip\", \"Win32_System_Diagnostics_Debug\", \"Win32_System_Diagnostics_Debug_Extensions\", \"Win32_System_Diagnostics_Etw\", \"Win32_System_Diagnostics_ProcessSnapshotting\", \"Win32_System_Diagnostics_ToolHelp\", \"Win32_System_Diagnostics_TraceLogging\", \"Win32_System_DistributedTransactionCoordinator\", \"Win32_System_Environment\", \"Win32_System_ErrorReporting\", \"Win32_System_EventCollector\", \"Win32_System_EventLog\", \"Win32_System_EventNotificationService\", \"Win32_System_GroupPolicy\", \"Win32_System_HostCompute\", \"Win32_System_HostComputeNetwork\", \"Win32_System_HostComputeSystem\", \"Win32_System_Hypervisor\", \"Win32_System_IO\", \"Win32_System_Iis\", \"Win32_System_Ioctl\", \"Win32_System_JobObjects\", \"Win32_System_Js\", \"Win32_System_Kernel\", \"Win32_System_LibraryLoader\", \"Win32_System_Mailslots\", \"Win32_System_Mapi\", \"Win32_System_Memory\", \"Win32_System_Memory_NonVolatile\", \"Win32_System_MessageQueuing\", \"Win32_System_MixedReality\", \"Win32_System_Ole\", \"Win32_System_PasswordManagement\", \"Win32_System_Performance\", \"Win32_System_Performance_HardwareCounterProfiling\", \"Win32_System_Pipes\", \"Win32_System_Power\", \"Win32_System_ProcessStatus\", \"Win32_System_Recovery\", \"Win32_System_Registry\", \"Win32_System_RemoteDesktop\", \"Win32_System_RemoteManagement\", \"Win32_System_RestartManager\", \"Win32_System_Restore\", \"Win32_System_Rpc\", \"Win32_System_Search\", \"Win32_System_Search_Common\", \"Win32_System_SecurityCenter\", \"Win32_System_Services\", \"Win32_System_SetupAndMigration\", \"Win32_System_Shutdown\", \"Win32_System_StationsAndDesktops\", \"Win32_System_SubsystemForLinux\", \"Win32_System_SystemInformation\", \"Win32_System_SystemServices\", \"Win32_System_Threading\", \"Win32_System_Time\", \"Win32_System_TpmBaseServices\", \"Win32_System_UserAccessLogging\", \"Win32_System_Variant\", \"Win32_System_VirtualDosMachines\", \"Win32_System_WindowsProgramming\", \"Win32_System_Wmi\", \"Win32_UI\", \"Win32_UI_Accessibility\", \"Win32_UI_ColorSystem\", \"Win32_UI_Controls\", \"Win32_UI_Controls_Dialogs\", \"Win32_UI_HiDpi\", \"Win32_UI_Input\", \"Win32_UI_Input_Ime\", \"Win32_UI_Input_KeyboardAndMouse\", \"Win32_UI_Input_Pointer\", \"Win32_UI_Input_Touch\", \"Win32_UI_Input_XboxController\", \"Win32_UI_InteractionContext\", \"Win32_UI_Magnification\", \"Win32_UI_Shell\", \"Win32_UI_Shell_Common\", \"Win32_UI_Shell_PropertiesSystem\", \"Win32_UI_TabletPC\", \"Win32_UI_TextServices\", \"Win32_UI_WindowsAndMessaging\", \"Win32_Web\", \"Win32_Web_InternetExplorer\", \"default\", \"docs\"))" -C metadata=38c31c7813ad3395 -C extra-filename=-00b3fb4c562f82df --out-dir D:\a\mailapp\mailapp\target\release\deps -C strip=debuginfo -L dependency=D:\a\mailapp\mailapp\target\release\deps --extern windows_targets=D:\a\mailapp\mailapp\target\release\deps\libwindows_targets-8277088410c8f977.rmeta --cap-lints allow -L native=C:\Users\runneradmin\.cargo\registry\src\index.crates.io-1949cf8c6b5b557f\windows_x86_64_msvc-0.52.6\lib`
2025-09-30T00:33:50.7233488Z [1m[32m   Compiling[0m glib-sys v0.18.1
2025-09-30T00:33:50.7291289Z [1m[32m     Running[0m `C:\Users\runneradmin\.rustup\toolchains\stable-x86_64-pc-windows-msvc\bin\rustc.exe --crate-name build_script_build --edition=2021 C:\Users\runneradmin\.cargo\registry\src\index.crates.io-1949cf8c6b5b557f\glib-sys-0.18.1\build.rs --error-format=json --json=diagnostic-rendered-ansi,artifacts,future-incompat --crate-type bin --emit=dep-info,link -C embed-bitcode=no -C debug-assertions=off --cfg "feature=\"v2_58\"" --cfg "feature=\"v2_60\"" --cfg "feature=\"v2_62\"" --cfg "feature=\"v2_64\"" --cfg "feature=\"v2_66\"" --cfg "feature=\"v2_68\"" --cfg "feature=\"v2_70\"" --cfg "feature=\"v2_72\"" --cfg "feature=\"v2_74\"" --check-cfg cfg(docsrs,test) --check-cfg "cfg(feature, values(\"v2_58\", \"v2_60\", \"v2_62\", \"v2_64\", \"v2_66\", \"v2_68\", \"v2_70\", \"v2_72\", \"v2_74\", \"v2_76\", \"v2_78\"))" -C metadata=25a099d779c75cb9 -C extra-filename=-fad644b7e90c183e --out-dir D:\a\mailapp\mailapp\target\release\build\glib-sys-fad644b7e90c183e -C strip=debuginfo -L dependency=D:\a\mailapp\mailapp\target\release\deps --extern system_deps=D:\a\mailapp\mailapp\target\release\deps\libsystem_deps-8cdc3e53907b55d2.rlib --cap-lints allow`
2025-09-30T00:33:51.0960640Z [1m[32m   Compiling[0m crossbeam-utils v0.8.21
2025-09-30T00:33:51.0998353Z [1m[32m     Running[0m `C:\Users\runneradmin\.rustup\toolchains\stable-x86_64-pc-windows-msvc\bin\rustc.exe --crate-name build_script_build --edition=2021 C:\Users\runneradmin\.cargo\registry\src\index.crates.io-1949cf8c6b5b557f\crossbeam-utils-0.8.21\build.rs --error-format=json --json=diagnostic-rendered-ansi,artifacts,future-incompat --crate-type bin --emit=dep-info,link -C embed-bitcode=no --warn=unexpected_cfgs --allow=clippy::lint_groups_priority --allow=clippy::declare_interior_mutable_const --check-cfg cfg(crossbeam_loom) --check-cfg cfg(crossbeam_sanitize) -C debug-assertions=off --cfg "feature=\"default\"" --cfg "feature=\"std\"" --check-cfg cfg(docsrs,test) --check-cfg "cfg(feature, values(\"default\", \"loom\", \"nightly\", \"std\"))" -C metadata=b0980c8fa54caf20 -C extra-filename=-ea004232fe9c4047 --out-dir D:\a\mailapp\mailapp\target\release\build\crossbeam-utils-ea004232fe9c4047 -C strip=debuginfo -L dependency=D:\a\mailapp\mailapp\target\release\deps --cap-lints allow`
2025-09-30T00:33:51.1361866Z [1m[32m     Running[0m `C:\Users\runneradmin\.rustup\toolchains\stable-x86_64-pc-windows-msvc\bin\rustc.exe --crate-name serde --edition=2021 C:\Users\runneradmin\.cargo\registry\src\index.crates.io-1949cf8c6b5b557f\serde-1.0.226\src\lib.rs --error-format=json --json=diagnostic-rendered-ansi,artifacts,future-incompat --crate-type lib --emit=dep-info,metadata,link -C opt-level=3 -C embed-bitcode=no --cfg "feature=\"alloc\"" --cfg "feature=\"default\"" --cfg "feature=\"derive\"" --cfg "feature=\"serde_derive\"" --cfg "feature=\"std\"" --check-cfg cfg(docsrs,test) --check-cfg "cfg(feature, values(\"alloc\", \"default\", \"derive\", \"rc\", \"serde_derive\", \"std\", \"unstable\"))" -C metadata=61617498bee4ec74 -C extra-filename=-55b2b4b2856ddc85 --out-dir D:\a\mailapp\mailapp\target\release\deps -C strip=debuginfo -L dependency=D:\a\mailapp\mailapp\target\release\deps --extern serde_core=D:\a\mailapp\mailapp\target\release\deps\libserde_core-cf5fdfcdec983ab4.rmeta --extern serde_derive=D:\a\mailapp\mailapp\target\release\deps\serde_derive-35146d214092656d.dll --cap-lints allow --check-cfg cfg(no_diagnostic_namespace) --check-cfg cfg(no_serde_derive)`
2025-09-30T00:33:51.5082079Z [1m[32m   Compiling[0m winapi v0.3.9
2025-09-30T00:33:51.5141717Z [1m[32m     Running[0m `C:\Users\runneradmin\.rustup\toolchains\stable-x86_64-pc-windows-msvc\bin\rustc.exe --crate-name build_script_build --edition=2015 C:\Users\runneradmin\.cargo\registry\src\index.crates.io-1949cf8c6b5b557f\winapi-0.3.9\build.rs --error-format=json --json=diagnostic-rendered-ansi,artifacts,future-incompat --crate-type bin --emit=dep-info,link -C embed-bitcode=no -C debug-assertions=off --cfg "feature=\"handleapi\"" --cfg "feature=\"iphlpapi\"" --cfg "feature=\"memoryapi\"" --cfg "feature=\"minwinbase\"" --cfg "feature=\"ntdef\"" --cfg "feature=\"processthreadsapi\"" --cfg "feature=\"sddl\"" --cfg "feature=\"securitybaseapi\"" --cfg "feature=\"synchapi\"" --cfg "feature=\"tcpmib\"" --cfg "feature=\"winbase\"" --cfg "feature=\"winerror\"" --cfg "feature=\"winsock2\"" --cfg "feature=\"ws2def\"" --cfg "feature=\"ws2ipdef\"" --cfg "feature=\"ws2tcpip\"" --check-cfg cfg(docsrs,test) --check-cfg "cfg(feature, values(\"accctrl\", \"aclapi\", \"activation\", \"adhoc\", \"appmgmt\", \"audioclient\", \"audiosessiontypes\", \"avrt\", \"basetsd\", \"bcrypt\", \"bits\", \"bits10_1\", \"bits1_5\", \"bits2_0\", \"bits2_5\", \"bits3_0\", \"bits4_0\", \"bits5_0\", \"bitscfg\", \"bitsmsg\", \"bluetoothapis\", \"bluetoothleapis\", \"bthdef\", \"bthioctl\", \"bthledef\", \"bthsdpdef\", \"bugcodes\", \"cderr\", \"cfg\", \"cfgmgr32\", \"cguid\", \"combaseapi\", \"coml2api\", \"commapi\", \"commctrl\", \"commdlg\", \"commoncontrols\", \"consoleapi\", \"corecrt\", \"corsym\", \"d2d1\", \"d2d1_1\", \"d2d1_2\", \"d2d1_3\", \"d2d1effectauthor\", \"d2d1effects\", \"d2d1effects_1\", \"d2d1effects_2\", \"d2d1svg\", \"d2dbasetypes\", \"d3d\", \"d3d10\", \"d3d10_1\", \"d3d10_1shader\", \"d3d10effect\", \"d3d10misc\", \"d3d10sdklayers\", \"d3d10shader\", \"d3d11\", \"d3d11_1\", \"d3d11_2\", \"d3d11_3\", \"d3d11_4\", \"d3d11on12\", \"d3d11sdklayers\", \"d3d11shader\", \"d3d11tokenizedprogramformat\", \"d3d12\", \"d3d12sdklayers\", \"d3d12shader\", \"d3d9\", \"d3d9caps\", \"d3d9types\", \"d3dcommon\", \"d3dcompiler\", \"d3dcsx\", \"d3dkmdt\", \"d3dkmthk\", \"d3dukmdt\", \"d3dx10core\", \"d3dx10math\", \"d3dx10mesh\", \"datetimeapi\", \"davclnt\", \"dbghelp\", \"dbt\", \"dcommon\", \"dcomp\", \"dcompanimation\", \"dcomptypes\", \"dde\", \"ddraw\", \"ddrawi\", \"ddrawint\", \"debug\", \"debugapi\", \"devguid\", \"devicetopology\", \"devpkey\", \"devpropdef\", \"dinput\", \"dinputd\", \"dispex\", \"dmksctl\", \"dmusicc\", \"docobj\", \"documenttarget\", \"dot1x\", \"dpa_dsa\", \"dpapi\", \"dsgetdc\", \"dsound\", \"dsrole\", \"dvp\", \"dwmapi\", \"dwrite\", \"dwrite_1\", \"dwrite_2\", \"dwrite_3\", \"dxdiag\", \"dxfile\", \"dxgi\", \"dxgi1_2\", \"dxgi1_3\", \"dxgi1_4\", \"dxgi1_5\", \"dxgi1_6\", \"dxgidebug\", \"dxgiformat\", \"dxgitype\", \"dxva2api\", \"dxvahd\", \"eaptypes\", \"enclaveapi\", \"endpointvolume\", \"errhandlingapi\", \"everything\", \"evntcons\", \"evntprov\", \"evntrace\", \"excpt\", \"exdisp\", \"fibersapi\", \"fileapi\", \"functiondiscoverykeys_devpkey\", \"gl-gl\", \"guiddef\", \"handleapi\", \"heapapi\", \"hidclass\", \"hidpi\", \"hidsdi\", \"hidusage\", \"highlevelmonitorconfigurationapi\", \"hstring\", \"http\", \"ifdef\", \"ifmib\", \"imm\", \"impl-debug\", \"impl-default\", \"in6addr\", \"inaddr\", \"inspectable\", \"interlockedapi\", \"intsafe\", \"ioapiset\", \"ipexport\", \"iphlpapi\", \"ipifcons\", \"ipmib\", \"iprtrmib\", \"iptypes\", \"jobapi\", \"jobapi2\", \"knownfolders\", \"ks\", \"ksmedia\", \"ktmtypes\", \"ktmw32\", \"l2cmn\", \"libloaderapi\", \"limits\", \"lmaccess\", \"lmalert\", \"lmapibuf\", \"lmat\", \"lmcons\", \"lmdfs\", \"lmerrlog\", \"lmjoin\", \"lmmsg\", \"lmremutl\", \"lmrepl\", \"lmserver\", \"lmshare\", \"lmstats\", \"lmsvc\", \"lmuse\", \"lmwksta\", \"lowlevelmonitorconfigurationapi\", \"lsalookup\", \"memoryapi\", \"minschannel\", \"minwinbase\", \"minwindef\", \"mmdeviceapi\", \"mmeapi\", \"mmreg\", \"mmsystem\", \"mprapidef\", \"msaatext\", \"mscat\", \"mschapp\", \"mssip\", \"mstcpip\", \"mswsock\", \"mswsockdef\", \"namedpipeapi\", \"namespaceapi\", \"nb30\", \"ncrypt\", \"netioapi\", \"nldef\", \"ntddndis\", \"ntddscsi\", \"ntddser\", \"ntdef\", \"ntlsa\", \"ntsecapi\", \"ntstatus\", \"oaidl\", \"objbase\", \"objidl\", \"objidlbase\", \"ocidl\", \"ole2\", \"oleauto\", \"olectl\", \"oleidl\", \"opmapi\", \"pdh\", \"perflib\", \"physicalmonitorenumerationapi\", \"playsoundapi\", \"portabledevice\", \"portabledeviceapi\", \"portabledevicetypes\", \"powerbase\", \"powersetting\", \"powrprof\", \"processenv\", \"processsnapshot\", \"processthreadsapi\", \"processtopologyapi\", \"profileapi\", \"propidl\", \"propkey\", \"propkeydef\", \"propsys\", \"prsht\", \"psapi\", \"qos\", \"realtimeapiset\", \"reason\", \"restartmanager\", \"restrictederrorinfo\", \"rmxfguid\", \"roapi\", \"robuffer\", \"roerrorapi\", \"rpc\", \"rpcdce\", \"rpcndr\", \"rtinfo\", \"sapi\", \"sapi51\", \"sapi53\", \"sapiddk\", \"sapiddk51\", \"schannel\", \"sddl\", \"securityappcontainer\", \"securitybaseapi\", \"servprov\", \"setupapi\", \"shellapi\", \"shellscalingapi\", \"shlobj\", \"shobjidl\", \"shobjidl_core\", \"shtypes\", \"softpub\", \"spapidef\", \"spellcheck\", \"sporder\", \"sql\", \"sqlext\", \"sqltypes\", \"sqlucode\", \"sspi\", \"std\", \"stralign\", \"stringapiset\", \"strmif\", \"subauth\", \"synchapi\", \"sysinfoapi\", \"systemtopologyapi\", \"taskschd\", \"tcpestats\", \"tcpmib\", \"textstor\", \"threadpoolapiset\", \"threadpoollegacyapiset\", \"timeapi\", \"timezoneapi\", \"tlhelp32\", \"transportsettingcommon\", \"tvout\", \"udpmib\", \"unknwnbase\", \"urlhist\", \"urlmon\", \"usb\", \"usbioctl\", \"usbiodef\", \"usbscan\", \"usbspec\", \"userenv\", \"usp10\", \"utilapiset\", \"uxtheme\", \"vadefs\", \"vcruntime\", \"vsbackup\", \"vss\", \"vsserror\", \"vswriter\", \"wbemads\", \"wbemcli\", \"wbemdisp\", \"wbemprov\", \"wbemtran\", \"wct\", \"werapi\", \"winbase\", \"wincodec\", \"wincodecsdk\", \"wincon\", \"wincontypes\", \"wincred\", \"wincrypt\", \"windef\", \"windot11\", \"windowsceip\", \"windowsx\", \"winefs\", \"winerror\", \"winevt\", \"wingdi\", \"winhttp\", \"wininet\", \"winineti\", \"winioctl\", \"winnetwk\", \"winnls\", \"winnt\", \"winreg\", \"winsafer\", \"winscard\", \"winsmcrd\", \"winsock2\", \"winspool\", \"winstring\", \"winsvc\", \"wintrust\", \"winusb\", \"winusbio\", \"winuser\", \"winver\", \"wlanapi\", \"wlanihv\", \"wlanihvtypes\", \"wlantypes\", \"wlclient\", \"wmistr\", \"wnnc\", \"wow64apiset\", \"wpdmtpextensions\", \"ws2bth\", \"ws2def\", \"ws2ipdef\", \"ws2spi\", \"ws2tcpip\", \"wtsapi32\", \"wtypes\", \"wtypesbase\", \"xinput\"))" -C metadata=4d587a77d91c2b91 -C extra-filename=-c1bcac0444bba331 --out-dir D:\a\mailapp\mailapp\target\release\build\winapi-c1bcac0444bba331 -C strip=debuginfo -L dependency=D:\a\mailapp\mailapp\target\release\deps --cap-lints allow`
2025-09-30T00:33:51.7997057Z [1m[32m     Running[0m `D:\a\mailapp\mailapp\target\release\build\crossbeam-utils-ea004232fe9c4047\build-script-build`
2025-09-30T00:33:51.8196534Z [1m[32m     Running[0m `D:\a\mailapp\mailapp\target\release\build\glib-sys-fad644b7e90c183e\build-script-build`
2025-09-30T00:33:51.8523348Z [1m[33mwarning[0m[1m:[0m glib-sys@0.18.1: Could not run `PKG_CONFIG_ALLOW_SYSTEM_CFLAGS=1 pkg-config --libs --cflags glib-2.0 'glib-2.0 >= 2.74'`
2025-09-30T00:33:51.8599565Z [1m[31merror[0m[1m:[0m failed to run custom build command for `glib-sys v0.18.1`
2025-09-30T00:33:51.8600923Z 
2025-09-30T00:33:51.8601356Z Caused by:
2025-09-30T00:33:51.8636552Z   process didn't exit successfully: `D:\a\mailapp\mailapp\target\release\build\glib-sys-fad644b7e90c183e\build-script-build` (exit code: 1)
2025-09-30T00:33:51.8830543Z   --- stdout
2025-09-30T00:33:51.8832141Z   cargo:rerun-if-env-changed=GLIB_2.0_NO_PKG_CONFIG
2025-09-30T00:33:51.8833314Z   cargo:rerun-if-env-changed=PKG_CONFIG_x86_64-pc-windows-msvc
2025-09-30T00:33:51.8845467Z   cargo:rerun-if-env-changed=PKG_CONFIG_x86_64_pc_windows_msvc
2025-09-30T00:33:51.8846487Z   cargo:rerun-if-env-changed=HOST_PKG_CONFIG
2025-09-30T00:33:51.8847575Z   cargo:rerun-if-env-changed=PKG_CONFIG
2025-09-30T00:33:51.8972041Z   cargo:rerun-if-env-changed=PKG_CONFIG_PATH_x86_64-pc-windows-msvc
2025-09-30T00:33:51.9040384Z   cargo:rerun-if-env-changed=PKG_CONFIG_PATH_x86_64_pc_windows_msvc
2025-09-30T00:33:51.9139239Z   cargo:rerun-if-env-changed=HOST_PKG_CONFIG_PATH
2025-09-30T00:33:51.9140931Z   cargo:rerun-if-env-changed=PKG_CONFIG_PATH
2025-09-30T00:33:51.9141912Z   cargo:rerun-if-env-changed=PKG_CONFIG_LIBDIR_x86_64-pc-windows-msvc
2025-09-30T00:33:51.9149896Z   cargo:rerun-if-env-changed=PKG_CONFIG_LIBDIR_x86_64_pc_windows_msvc
2025-09-30T00:33:51.9218647Z   cargo:rerun-if-env-changed=HOST_PKG_CONFIG_LIBDIR
2025-09-30T00:33:51.9220472Z   cargo:rerun-if-env-changed=PKG_CONFIG_LIBDIR
2025-09-30T00:33:51.9221681Z   cargo:rerun-if-env-changed=PKG_CONFIG_SYSROOT_DIR_x86_64-pc-windows-msvc
2025-09-30T00:33:51.9467179Z   cargo:rerun-if-env-changed=PKG_CONFIG_SYSROOT_DIR_x86_64_pc_windows_msvc
2025-09-30T00:33:51.9474251Z   cargo:rerun-if-env-changed=HOST_PKG_CONFIG_SYSROOT_DIR
2025-09-30T00:33:51.9483344Z   cargo:rerun-if-env-changed=PKG_CONFIG_SYSROOT_DIR
2025-09-30T00:33:51.9793578Z   cargo:rerun-if-env-changed=PKG_CONFIG_PATH_x86_64-pc-windows-msvc
2025-09-30T00:33:51.9806561Z   cargo:rerun-if-env-changed=PKG_CONFIG_PATH_x86_64_pc_windows_msvc
2025-09-30T00:33:51.9860689Z   cargo:rerun-if-env-changed=HOST_PKG_CONFIG_PATH
2025-09-30T00:33:51.9882446Z   cargo:rerun-if-env-changed=PKG_CONFIG_PATH
2025-09-30T00:33:52.0068283Z   cargo:rerun-if-env-changed=PKG_CONFIG_LIBDIR_x86_64-pc-windows-msvc
2025-09-30T00:33:52.0123358Z   cargo:rerun-if-env-changed=PKG_CONFIG_LIBDIR_x86_64_pc_windows_msvc
2025-09-30T00:33:52.0164120Z   cargo:rerun-if-env-changed=HOST_PKG_CONFIG_LIBDIR
2025-09-30T00:33:52.0214931Z   cargo:rerun-if-env-changed=PKG_CONFIG_LIBDIR
2025-09-30T00:33:52.0236730Z   cargo:rerun-if-env-changed=PKG_CONFIG_SYSROOT_DIR_x86_64-pc-windows-msvc
2025-09-30T00:33:52.0360740Z   cargo:rerun-if-env-changed=PKG_CONFIG_SYSROOT_DIR_x86_64_pc_windows_msvc
2025-09-30T00:33:52.0492409Z   cargo:rerun-if-env-changed=HOST_PKG_CONFIG_SYSROOT_DIR
2025-09-30T00:33:52.0549847Z   cargo:rerun-if-env-changed=PKG_CONFIG_SYSROOT_DIR
2025-09-30T00:33:52.0579750Z   cargo:warning=Could not run `PKG_CONFIG_ALLOW_SYSTEM_CFLAGS=1 pkg-config --libs --cflags glib-2.0 'glib-2.0 >= 2.74'`
2025-09-30T00:33:52.0637124Z   The pkg-config command could not be found.
2025-09-30T00:33:52.0646449Z 
2025-09-30T00:33:52.0662519Z   Most likely, you need to install a pkg-config package for your OS.
2025-09-30T00:33:52.0676435Z 
2025-09-30T00:33:52.0767817Z   If you've already installed it, ensure the pkg-config command is one of the
2025-09-30T00:33:52.0864960Z   directories in the PATH environment variable.
2025-09-30T00:33:52.0941758Z 
2025-09-30T00:33:52.0952625Z   If you did not expect this build to link to a pre-installed system library,
2025-09-30T00:33:52.0954835Z   then check documentation of the glib-sys crate for an option to
2025-09-30T00:33:52.0956835Z   build the library from source, or disable features or dependencies
2025-09-30T00:33:52.0960514Z   that require pkg-config.
2025-09-30T00:33:52.0999950Z [1m[33mwarning[0m[1m:[0m build failed, waiting for other jobs to finish...
2025-09-30T00:33:53.8301801Z ##[error]Process completed with exit code 1.
2025-09-30T00:33:53.8498242Z Post job cleanup.
2025-09-30T00:33:54.0824413Z [command]"C:\Program Files\Git\bin\git.exe" version
2025-09-30T00:33:54.1108146Z git version 2.51.0.windows.1
2025-09-30T00:33:54.1189153Z Temporarily overriding HOME='D:\a\_temp\150770e5-fbd6-40bf-9401-6c8dddf82f0f' before making global git config changes
2025-09-30T00:33:54.1189982Z Adding repository directory to the temporary git global config as a safe directory
2025-09-30T00:33:54.1200524Z [command]"C:\Program Files\Git\bin\git.exe" config --global --add safe.directory D:\a\mailapp\mailapp
2025-09-30T00:33:54.1549212Z [command]"C:\Program Files\Git\bin\git.exe" config --local --name-only --get-regexp core\.sshCommand
2025-09-30T00:33:54.1914864Z [command]"C:\Program Files\Git\bin\git.exe" submodule foreach --recursive "sh -c \"git config --local --name-only --get-regexp 'core\.sshCommand' && git config --local --unset-all 'core.sshCommand' || :\""
2025-09-30T00:33:56.0784987Z [command]"C:\Program Files\Git\bin\git.exe" config --local --name-only --get-regexp http\.https\:\/\/github\.com\/\.extraheader
2025-09-30T00:33:56.1059196Z http.https://github.com/.extraheader
2025-09-30T00:33:56.1108561Z [command]"C:\Program Files\Git\bin\git.exe" config --local --unset-all http.https://github.com/.extraheader
2025-09-30T00:33:56.1442728Z [command]"C:\Program Files\Git\bin\git.exe" submodule foreach --recursive "sh -c \"git config --local --name-only --get-regexp 'http\.https\:\/\/github\.com\/\.extraheader' && git config --local --unset-all 'http.https://github.com/.extraheader' || :\""
2025-09-30T00:33:56.7231153Z Cleaning up orphan processes
2025-09-30T00:33:56.7430343Z Terminate orphan process: pid (8204) (vctip)
